2024-05-31 10:55:58,409 eidf079-gpu1.vms.os.eidf.epcc.ed.ac.uk TelemetryMonitor[3698288:MainThread] INFO Executing telemetry monitor
2024-05-31 10:55:58,409 eidf079-gpu1.vms.os.eidf.epcc.ed.ac.uk TelemetryMonitor[3698288:MainThread] INFO Polling frequency: 5.0s
2024-05-31 10:55:58,409 eidf079-gpu1.vms.os.eidf.epcc.ed.ac.uk TelemetryMonitor[3698288:MainThread] INFO Experiment directory: /home/eidf079/eidf079/mweissen-ai4nz/windrl/Wind-RL/launch_dummy_run
2024-05-31 10:55:58,409 eidf079-gpu1.vms.os.eidf.epcc.ed.ac.uk TelemetryMonitor[3698288:MainThread] INFO Telemetry output: /home/eidf079/eidf079/mweissen-ai4nz/windrl/Wind-RL/launch_dummy_run/.smartsim/telemetry
2024-05-31 10:56:03,412 eidf079-gpu1.vms.os.eidf.epcc.ed.ac.uk TelemetryMonitor[3698288:MainThread] INFO Cooldown 5.56% complete
2024-05-31 10:56:08,218 eidf079-gpu1.vms.os.eidf.epcc.ed.ac.uk TelemetryMonitor[3698288:Thread-1] INFO Created file: /home/eidf079/eidf079/mweissen-ai4nz/windrl/Wind-RL/launch_dummy_run/.smartsim/telemetry/manifest.json
2024-05-31 10:56:08,219 eidf079-gpu1.vms.os.eidf.epcc.ed.ac.uk TelemetryMonitor[3698288:Thread-1] INFO Modified directory: /home/eidf079/eidf079/mweissen-ai4nz/windrl/Wind-RL/launch_dummy_run/.smartsim/telemetry
2024-05-31 10:56:08,219 eidf079-gpu1.vms.os.eidf.epcc.ed.ac.uk TelemetryMonitor[3698288:Thread-1] INFO Opened file: /home/eidf079/eidf079/mweissen-ai4nz/windrl/Wind-RL/launch_dummy_run/.smartsim/telemetry/manifest.json
2024-05-31 10:56:08,230 eidf079-gpu1.vms.os.eidf.epcc.ed.ac.uk TelemetryMonitor[3698288:Thread-1] INFO Modified file: /home/eidf079/eidf079/mweissen-ai4nz/windrl/Wind-RL/launch_dummy_run/.smartsim/telemetry/manifest.json
2024-05-31 10:56:08,231 eidf079-gpu1.vms.os.eidf.epcc.ed.ac.uk TelemetryMonitor[3698288:Thread-1] INFO Closed file: /home/eidf079/eidf079/mweissen-ai4nz/windrl/Wind-RL/launch_dummy_run/.smartsim/telemetry/manifest.json
2024-05-31 10:56:08,231 eidf079-gpu1.vms.os.eidf.epcc.ed.ac.uk TelemetryMonitor[3698288:Thread-1] INFO Modified directory: /home/eidf079/eidf079/mweissen-ai4nz/windrl/Wind-RL/launch_dummy_run/.smartsim/telemetry
2024-05-31 10:56:08,231 eidf079-gpu1.vms.os.eidf.epcc.ed.ac.uk TelemetryMonitor[3698288:Thread-1] INFO Opened file: /home/eidf079/eidf079/mweissen-ai4nz/windrl/Wind-RL/launch_dummy_run/.smartsim/telemetry/manifest.json
2024-05-31 10:56:08,232 eidf079-gpu1.vms.os.eidf.epcc.ed.ac.uk TelemetryMonitor[3698288:Thread-1] INFO Opened file: /home/eidf079/eidf079/mweissen-ai4nz/windrl/Wind-RL/launch_dummy_run/.smartsim/telemetry/manifest.json
2024-05-31 10:56:08,411 eidf079-gpu1.vms.os.eidf.epcc.ed.ac.uk TelemetryMonitor[3698288:Thread-1] INFO Opened file: /home/eidf079/eidf079/mweissen-ai4nz/windrl/Wind-RL/launch_dummy_run/.smartsim/telemetry/manifest.json
2024-05-31 10:56:08,423 eidf079-gpu1.vms.os.eidf.epcc.ed.ac.uk TelemetryMonitor[3698288:Thread-1] INFO Modified file: /home/eidf079/eidf079/mweissen-ai4nz/windrl/Wind-RL/launch_dummy_run/.smartsim/telemetry/manifest.json
2024-05-31 10:56:08,423 eidf079-gpu1.vms.os.eidf.epcc.ed.ac.uk TelemetryMonitor[3698288:Thread-1] INFO Opened file: /home/eidf079/eidf079/mweissen-ai4nz/windrl/Wind-RL/launch_dummy_run/.smartsim/telemetry/manifest.json
2024-05-31 10:56:08,434 eidf079-gpu1.vms.os.eidf.epcc.ed.ac.uk TelemetryMonitor[3698288:Thread-1] INFO Modified file: /home/eidf079/eidf079/mweissen-ai4nz/windrl/Wind-RL/launch_dummy_run/.smartsim/telemetry/manifest.json
2024-05-31 10:56:08,434 eidf079-gpu1.vms.os.eidf.epcc.ed.ac.uk TelemetryMonitor[3698288:Thread-1] INFO Closed file: /home/eidf079/eidf079/mweissen-ai4nz/windrl/Wind-RL/launch_dummy_run/.smartsim/telemetry/manifest.json
2024-05-31 10:56:08,435 eidf079-gpu1.vms.os.eidf.epcc.ed.ac.uk TelemetryMonitor[3698288:Thread-1] INFO Modified directory: /home/eidf079/eidf079/mweissen-ai4nz/windrl/Wind-RL/launch_dummy_run/.smartsim/telemetry
2024-05-31 10:56:08,435 eidf079-gpu1.vms.os.eidf.epcc.ed.ac.uk TelemetryMonitor[3698288:Thread-1] INFO Opened file: /home/eidf079/eidf079/mweissen-ai4nz/windrl/Wind-RL/launch_dummy_run/.smartsim/telemetry/manifest.json
2024-05-31 10:56:08,435 eidf079-gpu1.vms.os.eidf.epcc.ed.ac.uk TelemetryMonitor[3698288:Thread-1] INFO Opened file: /home/eidf079/eidf079/mweissen-ai4nz/windrl/Wind-RL/launch_dummy_run/.smartsim/telemetry/manifest.json
2024-05-31 10:56:20,484 eidf079-gpu1.vms.os.eidf.epcc.ed.ac.uk TelemetryMonitor[3698288:MainThread] INFO Shutdown signal received by telemetry monitor entrypoint
2024-05-31 10:56:23,433 eidf079-gpu1.vms.os.eidf.epcc.ed.ac.uk TelemetryMonitor[3698288:MainThread] INFO Exiting telemetry monitor event loop
2024-05-31 10:56:23,433 eidf079-gpu1.vms.os.eidf.epcc.ed.ac.uk TelemetryMonitor[3698288:MainThread] INFO Telemetry monitor shutdown complete
2024-05-31 10:59:43,514 eidf079-gpu1.vms.os.eidf.epcc.ed.ac.uk TelemetryMonitor[3699201:MainThread] INFO Executing telemetry monitor
2024-05-31 10:59:43,514 eidf079-gpu1.vms.os.eidf.epcc.ed.ac.uk TelemetryMonitor[3699201:MainThread] INFO Polling frequency: 5.0s
2024-05-31 10:59:43,514 eidf079-gpu1.vms.os.eidf.epcc.ed.ac.uk TelemetryMonitor[3699201:MainThread] INFO Experiment directory: /home/eidf079/eidf079/mweissen-ai4nz/windrl/Wind-RL/launch_dummy_run
2024-05-31 10:59:43,514 eidf079-gpu1.vms.os.eidf.epcc.ed.ac.uk TelemetryMonitor[3699201:MainThread] INFO Telemetry output: /home/eidf079/eidf079/mweissen-ai4nz/windrl/Wind-RL/launch_dummy_run/.smartsim/telemetry
2024-05-31 10:59:53,326 eidf079-gpu1.vms.os.eidf.epcc.ed.ac.uk TelemetryMonitor[3699201:Thread-1] INFO Opened file: /home/eidf079/eidf079/mweissen-ai4nz/windrl/Wind-RL/launch_dummy_run/.smartsim/telemetry/manifest.json
2024-05-31 10:59:53,328 eidf079-gpu1.vms.os.eidf.epcc.ed.ac.uk TelemetryMonitor[3699201:Thread-1] INFO Modified file: /home/eidf079/eidf079/mweissen-ai4nz/windrl/Wind-RL/launch_dummy_run/.smartsim/telemetry/manifest.json
2024-05-31 10:59:53,340 eidf079-gpu1.vms.os.eidf.epcc.ed.ac.uk TelemetryMonitor[3699201:Thread-1] INFO Opened file: /home/eidf079/eidf079/mweissen-ai4nz/windrl/Wind-RL/launch_dummy_run/.smartsim/telemetry/manifest.json
2024-05-31 10:59:53,340 eidf079-gpu1.vms.os.eidf.epcc.ed.ac.uk TelemetryMonitor[3699201:Thread-1] INFO Modified file: /home/eidf079/eidf079/mweissen-ai4nz/windrl/Wind-RL/launch_dummy_run/.smartsim/telemetry/manifest.json
2024-05-31 10:59:53,352 eidf079-gpu1.vms.os.eidf.epcc.ed.ac.uk TelemetryMonitor[3699201:Thread-1] INFO Closed file: /home/eidf079/eidf079/mweissen-ai4nz/windrl/Wind-RL/launch_dummy_run/.smartsim/telemetry/manifest.json
2024-05-31 10:59:53,353 eidf079-gpu1.vms.os.eidf.epcc.ed.ac.uk TelemetryMonitor[3699201:Thread-1] INFO Modified directory: /home/eidf079/eidf079/mweissen-ai4nz/windrl/Wind-RL/launch_dummy_run/.smartsim/telemetry
2024-05-31 10:59:53,353 eidf079-gpu1.vms.os.eidf.epcc.ed.ac.uk TelemetryMonitor[3699201:Thread-1] INFO Opened file: /home/eidf079/eidf079/mweissen-ai4nz/windrl/Wind-RL/launch_dummy_run/.smartsim/telemetry/manifest.json
2024-05-31 10:59:53,353 eidf079-gpu1.vms.os.eidf.epcc.ed.ac.uk TelemetryMonitor[3699201:Thread-1] INFO Opened file: /home/eidf079/eidf079/mweissen-ai4nz/windrl/Wind-RL/launch_dummy_run/.smartsim/telemetry/manifest.json
2024-05-31 10:59:53,532 eidf079-gpu1.vms.os.eidf.epcc.ed.ac.uk TelemetryMonitor[3699201:Thread-1] INFO Opened file: /home/eidf079/eidf079/mweissen-ai4nz/windrl/Wind-RL/launch_dummy_run/.smartsim/telemetry/manifest.json
2024-05-31 10:59:53,532 eidf079-gpu1.vms.os.eidf.epcc.ed.ac.uk TelemetryMonitor[3699201:Thread-1] INFO Modified file: /home/eidf079/eidf079/mweissen-ai4nz/windrl/Wind-RL/launch_dummy_run/.smartsim/telemetry/manifest.json
2024-05-31 10:59:53,544 eidf079-gpu1.vms.os.eidf.epcc.ed.ac.uk TelemetryMonitor[3699201:Thread-1] INFO Opened file: /home/eidf079/eidf079/mweissen-ai4nz/windrl/Wind-RL/launch_dummy_run/.smartsim/telemetry/manifest.json
2024-05-31 10:59:53,544 eidf079-gpu1.vms.os.eidf.epcc.ed.ac.uk TelemetryMonitor[3699201:Thread-1] INFO Modified file: /home/eidf079/eidf079/mweissen-ai4nz/windrl/Wind-RL/launch_dummy_run/.smartsim/telemetry/manifest.json
2024-05-31 10:59:53,556 eidf079-gpu1.vms.os.eidf.epcc.ed.ac.uk TelemetryMonitor[3699201:Thread-1] INFO Closed file: /home/eidf079/eidf079/mweissen-ai4nz/windrl/Wind-RL/launch_dummy_run/.smartsim/telemetry/manifest.json
2024-05-31 10:59:53,556 eidf079-gpu1.vms.os.eidf.epcc.ed.ac.uk TelemetryMonitor[3699201:Thread-1] INFO Modified directory: /home/eidf079/eidf079/mweissen-ai4nz/windrl/Wind-RL/launch_dummy_run/.smartsim/telemetry
2024-05-31 10:59:53,557 eidf079-gpu1.vms.os.eidf.epcc.ed.ac.uk TelemetryMonitor[3699201:Thread-1] INFO Opened file: /home/eidf079/eidf079/mweissen-ai4nz/windrl/Wind-RL/launch_dummy_run/.smartsim/telemetry/manifest.json
2024-05-31 10:59:53,557 eidf079-gpu1.vms.os.eidf.epcc.ed.ac.uk TelemetryMonitor[3699201:Thread-1] INFO Opened file: /home/eidf079/eidf079/mweissen-ai4nz/windrl/Wind-RL/launch_dummy_run/.smartsim/telemetry/manifest.json
2024-05-31 11:07:42,041 eidf079-gpu1.vms.os.eidf.epcc.ed.ac.uk TelemetryMonitor[3700390:MainThread] INFO Executing telemetry monitor
2024-05-31 11:07:42,041 eidf079-gpu1.vms.os.eidf.epcc.ed.ac.uk TelemetryMonitor[3700390:MainThread] INFO Polling frequency: 5.0s
2024-05-31 11:07:42,041 eidf079-gpu1.vms.os.eidf.epcc.ed.ac.uk TelemetryMonitor[3700390:MainThread] INFO Experiment directory: /home/eidf079/eidf079/mweissen-ai4nz/windrl/Wind-RL/launch_dummy_run
2024-05-31 11:07:42,041 eidf079-gpu1.vms.os.eidf.epcc.ed.ac.uk TelemetryMonitor[3700390:MainThread] INFO Telemetry output: /home/eidf079/eidf079/mweissen-ai4nz/windrl/Wind-RL/launch_dummy_run/.smartsim/telemetry
2024-05-31 11:07:42,052 eidf079-gpu1.vms.os.eidf.epcc.ed.ac.uk TelemetryMonitor[3699201:Thread-1] INFO Opened file: /home/eidf079/eidf079/mweissen-ai4nz/windrl/Wind-RL/launch_dummy_run/.smartsim/telemetry/manifest.json
2024-05-31 11:07:51,813 eidf079-gpu1.vms.os.eidf.epcc.ed.ac.uk TelemetryMonitor[3699201:Thread-1] INFO Opened file: /home/eidf079/eidf079/mweissen-ai4nz/windrl/Wind-RL/launch_dummy_run/.smartsim/telemetry/manifest.json
2024-05-31 11:07:51,813 eidf079-gpu1.vms.os.eidf.epcc.ed.ac.uk TelemetryMonitor[3700390:Thread-1] INFO Opened file: /home/eidf079/eidf079/mweissen-ai4nz/windrl/Wind-RL/launch_dummy_run/.smartsim/telemetry/manifest.json
2024-05-31 11:07:51,813 eidf079-gpu1.vms.os.eidf.epcc.ed.ac.uk TelemetryMonitor[3699201:Thread-1] INFO Modified file: /home/eidf079/eidf079/mweissen-ai4nz/windrl/Wind-RL/launch_dummy_run/.smartsim/telemetry/manifest.json
2024-05-31 11:07:51,815 eidf079-gpu1.vms.os.eidf.epcc.ed.ac.uk TelemetryMonitor[3700390:Thread-1] INFO Modified file: /home/eidf079/eidf079/mweissen-ai4nz/windrl/Wind-RL/launch_dummy_run/.smartsim/telemetry/manifest.json
2024-05-31 11:07:51,826 eidf079-gpu1.vms.os.eidf.epcc.ed.ac.uk TelemetryMonitor[3699201:Thread-1] INFO Opened file: /home/eidf079/eidf079/mweissen-ai4nz/windrl/Wind-RL/launch_dummy_run/.smartsim/telemetry/manifest.json
2024-05-31 11:07:51,827 eidf079-gpu1.vms.os.eidf.epcc.ed.ac.uk TelemetryMonitor[3699201:Thread-1] INFO Modified file: /home/eidf079/eidf079/mweissen-ai4nz/windrl/Wind-RL/launch_dummy_run/.smartsim/telemetry/manifest.json
2024-05-31 11:07:51,828 eidf079-gpu1.vms.os.eidf.epcc.ed.ac.uk TelemetryMonitor[3700390:Thread-1] INFO Opened file: /home/eidf079/eidf079/mweissen-ai4nz/windrl/Wind-RL/launch_dummy_run/.smartsim/telemetry/manifest.json
2024-05-31 11:07:51,829 eidf079-gpu1.vms.os.eidf.epcc.ed.ac.uk TelemetryMonitor[3700390:Thread-1] INFO Modified file: /home/eidf079/eidf079/mweissen-ai4nz/windrl/Wind-RL/launch_dummy_run/.smartsim/telemetry/manifest.json
2024-05-31 11:07:51,839 eidf079-gpu1.vms.os.eidf.epcc.ed.ac.uk TelemetryMonitor[3699201:Thread-1] INFO Closed file: /home/eidf079/eidf079/mweissen-ai4nz/windrl/Wind-RL/launch_dummy_run/.smartsim/telemetry/manifest.json
2024-05-31 11:07:51,839 eidf079-gpu1.vms.os.eidf.epcc.ed.ac.uk TelemetryMonitor[3699201:Thread-1] INFO Modified directory: /home/eidf079/eidf079/mweissen-ai4nz/windrl/Wind-RL/launch_dummy_run/.smartsim/telemetry
2024-05-31 11:07:51,839 eidf079-gpu1.vms.os.eidf.epcc.ed.ac.uk TelemetryMonitor[3699201:Thread-1] INFO Opened file: /home/eidf079/eidf079/mweissen-ai4nz/windrl/Wind-RL/launch_dummy_run/.smartsim/telemetry/manifest.json
2024-05-31 11:07:51,840 eidf079-gpu1.vms.os.eidf.epcc.ed.ac.uk TelemetryMonitor[3699201:Thread-1] INFO Opened file: /home/eidf079/eidf079/mweissen-ai4nz/windrl/Wind-RL/launch_dummy_run/.smartsim/telemetry/manifest.json
2024-05-31 11:07:51,840 eidf079-gpu1.vms.os.eidf.epcc.ed.ac.uk TelemetryMonitor[3700390:Thread-1] INFO Closed file: /home/eidf079/eidf079/mweissen-ai4nz/windrl/Wind-RL/launch_dummy_run/.smartsim/telemetry/manifest.json
2024-05-31 11:07:51,841 eidf079-gpu1.vms.os.eidf.epcc.ed.ac.uk TelemetryMonitor[3700390:Thread-1] INFO Modified directory: /home/eidf079/eidf079/mweissen-ai4nz/windrl/Wind-RL/launch_dummy_run/.smartsim/telemetry
2024-05-31 11:07:51,841 eidf079-gpu1.vms.os.eidf.epcc.ed.ac.uk TelemetryMonitor[3700390:Thread-1] INFO Opened file: /home/eidf079/eidf079/mweissen-ai4nz/windrl/Wind-RL/launch_dummy_run/.smartsim/telemetry/manifest.json
2024-05-31 11:07:51,842 eidf079-gpu1.vms.os.eidf.epcc.ed.ac.uk TelemetryMonitor[3700390:Thread-1] INFO Opened file: /home/eidf079/eidf079/mweissen-ai4nz/windrl/Wind-RL/launch_dummy_run/.smartsim/telemetry/manifest.json
2024-05-31 11:07:52,019 eidf079-gpu1.vms.os.eidf.epcc.ed.ac.uk TelemetryMonitor[3699201:Thread-1] INFO Opened file: /home/eidf079/eidf079/mweissen-ai4nz/windrl/Wind-RL/launch_dummy_run/.smartsim/telemetry/manifest.json
2024-05-31 11:07:52,019 eidf079-gpu1.vms.os.eidf.epcc.ed.ac.uk TelemetryMonitor[3700390:Thread-1] INFO Opened file: /home/eidf079/eidf079/mweissen-ai4nz/windrl/Wind-RL/launch_dummy_run/.smartsim/telemetry/manifest.json
2024-05-31 11:07:52,019 eidf079-gpu1.vms.os.eidf.epcc.ed.ac.uk TelemetryMonitor[3699201:Thread-1] INFO Modified file: /home/eidf079/eidf079/mweissen-ai4nz/windrl/Wind-RL/launch_dummy_run/.smartsim/telemetry/manifest.json
2024-05-31 11:07:52,019 eidf079-gpu1.vms.os.eidf.epcc.ed.ac.uk TelemetryMonitor[3700390:Thread-1] INFO Modified file: /home/eidf079/eidf079/mweissen-ai4nz/windrl/Wind-RL/launch_dummy_run/.smartsim/telemetry/manifest.json
2024-05-31 11:07:52,031 eidf079-gpu1.vms.os.eidf.epcc.ed.ac.uk TelemetryMonitor[3699201:Thread-1] INFO Opened file: /home/eidf079/eidf079/mweissen-ai4nz/windrl/Wind-RL/launch_dummy_run/.smartsim/telemetry/manifest.json
2024-05-31 11:07:52,031 eidf079-gpu1.vms.os.eidf.epcc.ed.ac.uk TelemetryMonitor[3699201:Thread-1] INFO Modified file: /home/eidf079/eidf079/mweissen-ai4nz/windrl/Wind-RL/launch_dummy_run/.smartsim/telemetry/manifest.json
2024-05-31 11:07:52,031 eidf079-gpu1.vms.os.eidf.epcc.ed.ac.uk TelemetryMonitor[3700390:Thread-1] INFO Opened file: /home/eidf079/eidf079/mweissen-ai4nz/windrl/Wind-RL/launch_dummy_run/.smartsim/telemetry/manifest.json
2024-05-31 11:07:52,032 eidf079-gpu1.vms.os.eidf.epcc.ed.ac.uk TelemetryMonitor[3700390:Thread-1] INFO Modified file: /home/eidf079/eidf079/mweissen-ai4nz/windrl/Wind-RL/launch_dummy_run/.smartsim/telemetry/manifest.json
2024-05-31 11:07:52,043 eidf079-gpu1.vms.os.eidf.epcc.ed.ac.uk TelemetryMonitor[3699201:Thread-1] INFO Closed file: /home/eidf079/eidf079/mweissen-ai4nz/windrl/Wind-RL/launch_dummy_run/.smartsim/telemetry/manifest.json
2024-05-31 11:07:52,043 eidf079-gpu1.vms.os.eidf.epcc.ed.ac.uk TelemetryMonitor[3699201:Thread-1] INFO Modified directory: /home/eidf079/eidf079/mweissen-ai4nz/windrl/Wind-RL/launch_dummy_run/.smartsim/telemetry
2024-05-31 11:07:52,043 eidf079-gpu1.vms.os.eidf.epcc.ed.ac.uk TelemetryMonitor[3699201:Thread-1] INFO Opened file: /home/eidf079/eidf079/mweissen-ai4nz/windrl/Wind-RL/launch_dummy_run/.smartsim/telemetry/manifest.json
2024-05-31 11:07:52,044 eidf079-gpu1.vms.os.eidf.epcc.ed.ac.uk TelemetryMonitor[3699201:Thread-1] INFO Opened file: /home/eidf079/eidf079/mweissen-ai4nz/windrl/Wind-RL/launch_dummy_run/.smartsim/telemetry/manifest.json
2024-05-31 11:07:52,044 eidf079-gpu1.vms.os.eidf.epcc.ed.ac.uk TelemetryMonitor[3700390:Thread-1] INFO Closed file: /home/eidf079/eidf079/mweissen-ai4nz/windrl/Wind-RL/launch_dummy_run/.smartsim/telemetry/manifest.json
2024-05-31 11:07:52,044 eidf079-gpu1.vms.os.eidf.epcc.ed.ac.uk TelemetryMonitor[3700390:Thread-1] INFO Modified directory: /home/eidf079/eidf079/mweissen-ai4nz/windrl/Wind-RL/launch_dummy_run/.smartsim/telemetry
2024-05-31 11:07:52,044 eidf079-gpu1.vms.os.eidf.epcc.ed.ac.uk TelemetryMonitor[3700390:Thread-1] INFO Opened file: /home/eidf079/eidf079/mweissen-ai4nz/windrl/Wind-RL/launch_dummy_run/.smartsim/telemetry/manifest.json
2024-05-31 11:07:52,045 eidf079-gpu1.vms.os.eidf.epcc.ed.ac.uk TelemetryMonitor[3700390:Thread-1] INFO Opened file: /home/eidf079/eidf079/mweissen-ai4nz/windrl/Wind-RL/launch_dummy_run/.smartsim/telemetry/manifest.json
2024-05-31 11:17:50,954 eidf079-gpu1.vms.os.eidf.epcc.ed.ac.uk TelemetryMonitor[3701069:MainThread] INFO Executing telemetry monitor
2024-05-31 11:17:50,955 eidf079-gpu1.vms.os.eidf.epcc.ed.ac.uk TelemetryMonitor[3701069:MainThread] INFO Polling frequency: 5.0s
2024-05-31 11:17:50,955 eidf079-gpu1.vms.os.eidf.epcc.ed.ac.uk TelemetryMonitor[3701069:MainThread] INFO Experiment directory: /home/eidf079/eidf079/mweissen-ai4nz/windrl/Wind-RL/launch_dummy_run
2024-05-31 11:17:50,955 eidf079-gpu1.vms.os.eidf.epcc.ed.ac.uk TelemetryMonitor[3701069:MainThread] INFO Telemetry output: /home/eidf079/eidf079/mweissen-ai4nz/windrl/Wind-RL/launch_dummy_run/.smartsim/telemetry
2024-05-31 11:17:50,966 eidf079-gpu1.vms.os.eidf.epcc.ed.ac.uk TelemetryMonitor[3699201:Thread-1] INFO Opened file: /home/eidf079/eidf079/mweissen-ai4nz/windrl/Wind-RL/launch_dummy_run/.smartsim/telemetry/manifest.json
2024-05-31 11:17:50,966 eidf079-gpu1.vms.os.eidf.epcc.ed.ac.uk TelemetryMonitor[3700390:Thread-1] INFO Opened file: /home/eidf079/eidf079/mweissen-ai4nz/windrl/Wind-RL/launch_dummy_run/.smartsim/telemetry/manifest.json
2024-05-31 11:18:00,730 eidf079-gpu1.vms.os.eidf.epcc.ed.ac.uk TelemetryMonitor[3699201:Thread-1] INFO Opened file: /home/eidf079/eidf079/mweissen-ai4nz/windrl/Wind-RL/launch_dummy_run/.smartsim/telemetry/manifest.json
2024-05-31 11:18:00,730 eidf079-gpu1.vms.os.eidf.epcc.ed.ac.uk TelemetryMonitor[3700390:Thread-1] INFO Opened file: /home/eidf079/eidf079/mweissen-ai4nz/windrl/Wind-RL/launch_dummy_run/.smartsim/telemetry/manifest.json
2024-05-31 11:18:00,730 eidf079-gpu1.vms.os.eidf.epcc.ed.ac.uk TelemetryMonitor[3701069:Thread-1] INFO Opened file: /home/eidf079/eidf079/mweissen-ai4nz/windrl/Wind-RL/launch_dummy_run/.smartsim/telemetry/manifest.json
2024-05-31 11:18:00,731 eidf079-gpu1.vms.os.eidf.epcc.ed.ac.uk TelemetryMonitor[3700390:Thread-1] INFO Modified file: /home/eidf079/eidf079/mweissen-ai4nz/windrl/Wind-RL/launch_dummy_run/.smartsim/telemetry/manifest.json
2024-05-31 11:18:00,731 eidf079-gpu1.vms.os.eidf.epcc.ed.ac.uk TelemetryMonitor[3699201:Thread-1] INFO Modified file: /home/eidf079/eidf079/mweissen-ai4nz/windrl/Wind-RL/launch_dummy_run/.smartsim/telemetry/manifest.json
2024-05-31 11:18:00,732 eidf079-gpu1.vms.os.eidf.epcc.ed.ac.uk TelemetryMonitor[3701069:Thread-1] INFO Modified file: /home/eidf079/eidf079/mweissen-ai4nz/windrl/Wind-RL/launch_dummy_run/.smartsim/telemetry/manifest.json
2024-05-31 11:18:00,744 eidf079-gpu1.vms.os.eidf.epcc.ed.ac.uk TelemetryMonitor[3699201:Thread-1] INFO Opened file: /home/eidf079/eidf079/mweissen-ai4nz/windrl/Wind-RL/launch_dummy_run/.smartsim/telemetry/manifest.json
2024-05-31 11:18:00,744 eidf079-gpu1.vms.os.eidf.epcc.ed.ac.uk TelemetryMonitor[3700390:Thread-1] INFO Opened file: /home/eidf079/eidf079/mweissen-ai4nz/windrl/Wind-RL/launch_dummy_run/.smartsim/telemetry/manifest.json
2024-05-31 11:18:00,744 eidf079-gpu1.vms.os.eidf.epcc.ed.ac.uk TelemetryMonitor[3699201:Thread-1] INFO Modified file: /home/eidf079/eidf079/mweissen-ai4nz/windrl/Wind-RL/launch_dummy_run/.smartsim/telemetry/manifest.json
2024-05-31 11:18:00,745 eidf079-gpu1.vms.os.eidf.epcc.ed.ac.uk TelemetryMonitor[3700390:Thread-1] INFO Modified file: /home/eidf079/eidf079/mweissen-ai4nz/windrl/Wind-RL/launch_dummy_run/.smartsim/telemetry/manifest.json
2024-05-31 11:18:00,746 eidf079-gpu1.vms.os.eidf.epcc.ed.ac.uk TelemetryMonitor[3701069:Thread-1] INFO Opened file: /home/eidf079/eidf079/mweissen-ai4nz/windrl/Wind-RL/launch_dummy_run/.smartsim/telemetry/manifest.json
2024-05-31 11:18:00,746 eidf079-gpu1.vms.os.eidf.epcc.ed.ac.uk TelemetryMonitor[3701069:Thread-1] INFO Modified file: /home/eidf079/eidf079/mweissen-ai4nz/windrl/Wind-RL/launch_dummy_run/.smartsim/telemetry/manifest.json
2024-05-31 11:18:00,757 eidf079-gpu1.vms.os.eidf.epcc.ed.ac.uk TelemetryMonitor[3699201:Thread-1] INFO Closed file: /home/eidf079/eidf079/mweissen-ai4nz/windrl/Wind-RL/launch_dummy_run/.smartsim/telemetry/manifest.json
2024-05-31 11:18:00,757 eidf079-gpu1.vms.os.eidf.epcc.ed.ac.uk TelemetryMonitor[3699201:Thread-1] INFO Modified directory: /home/eidf079/eidf079/mweissen-ai4nz/windrl/Wind-RL/launch_dummy_run/.smartsim/telemetry
2024-05-31 11:18:00,757 eidf079-gpu1.vms.os.eidf.epcc.ed.ac.uk TelemetryMonitor[3699201:Thread-1] INFO Opened file: /home/eidf079/eidf079/mweissen-ai4nz/windrl/Wind-RL/launch_dummy_run/.smartsim/telemetry/manifest.json
2024-05-31 11:18:00,757 eidf079-gpu1.vms.os.eidf.epcc.ed.ac.uk TelemetryMonitor[3700390:Thread-1] INFO Closed file: /home/eidf079/eidf079/mweissen-ai4nz/windrl/Wind-RL/launch_dummy_run/.smartsim/telemetry/manifest.json
2024-05-31 11:18:00,758 eidf079-gpu1.vms.os.eidf.epcc.ed.ac.uk TelemetryMonitor[3700390:Thread-1] INFO Modified directory: /home/eidf079/eidf079/mweissen-ai4nz/windrl/Wind-RL/launch_dummy_run/.smartsim/telemetry
2024-05-31 11:18:00,758 eidf079-gpu1.vms.os.eidf.epcc.ed.ac.uk TelemetryMonitor[3700390:Thread-1] INFO Opened file: /home/eidf079/eidf079/mweissen-ai4nz/windrl/Wind-RL/launch_dummy_run/.smartsim/telemetry/manifest.json
2024-05-31 11:18:00,758 eidf079-gpu1.vms.os.eidf.epcc.ed.ac.uk TelemetryMonitor[3699201:Thread-1] INFO Opened file: /home/eidf079/eidf079/mweissen-ai4nz/windrl/Wind-RL/launch_dummy_run/.smartsim/telemetry/manifest.json
2024-05-31 11:18:00,758 eidf079-gpu1.vms.os.eidf.epcc.ed.ac.uk TelemetryMonitor[3700390:Thread-1] INFO Opened file: /home/eidf079/eidf079/mweissen-ai4nz/windrl/Wind-RL/launch_dummy_run/.smartsim/telemetry/manifest.json
2024-05-31 11:18:00,758 eidf079-gpu1.vms.os.eidf.epcc.ed.ac.uk TelemetryMonitor[3701069:Thread-1] INFO Closed file: /home/eidf079/eidf079/mweissen-ai4nz/windrl/Wind-RL/launch_dummy_run/.smartsim/telemetry/manifest.json
2024-05-31 11:18:00,759 eidf079-gpu1.vms.os.eidf.epcc.ed.ac.uk TelemetryMonitor[3701069:Thread-1] INFO Modified directory: /home/eidf079/eidf079/mweissen-ai4nz/windrl/Wind-RL/launch_dummy_run/.smartsim/telemetry
2024-05-31 11:18:00,759 eidf079-gpu1.vms.os.eidf.epcc.ed.ac.uk TelemetryMonitor[3701069:Thread-1] INFO Opened file: /home/eidf079/eidf079/mweissen-ai4nz/windrl/Wind-RL/launch_dummy_run/.smartsim/telemetry/manifest.json
2024-05-31 11:18:00,759 eidf079-gpu1.vms.os.eidf.epcc.ed.ac.uk TelemetryMonitor[3701069:Thread-1] INFO Opened file: /home/eidf079/eidf079/mweissen-ai4nz/windrl/Wind-RL/launch_dummy_run/.smartsim/telemetry/manifest.json
2024-05-31 11:18:00,937 eidf079-gpu1.vms.os.eidf.epcc.ed.ac.uk TelemetryMonitor[3699201:Thread-1] INFO Opened file: /home/eidf079/eidf079/mweissen-ai4nz/windrl/Wind-RL/launch_dummy_run/.smartsim/telemetry/manifest.json
2024-05-31 11:18:00,937 eidf079-gpu1.vms.os.eidf.epcc.ed.ac.uk TelemetryMonitor[3701069:Thread-1] INFO Opened file: /home/eidf079/eidf079/mweissen-ai4nz/windrl/Wind-RL/launch_dummy_run/.smartsim/telemetry/manifest.json
2024-05-31 11:18:00,937 eidf079-gpu1.vms.os.eidf.epcc.ed.ac.uk TelemetryMonitor[3701069:Thread-1] INFO Modified file: /home/eidf079/eidf079/mweissen-ai4nz/windrl/Wind-RL/launch_dummy_run/.smartsim/telemetry/manifest.json
2024-05-31 11:18:00,937 eidf079-gpu1.vms.os.eidf.epcc.ed.ac.uk TelemetryMonitor[3700390:Thread-1] INFO Opened file: /home/eidf079/eidf079/mweissen-ai4nz/windrl/Wind-RL/launch_dummy_run/.smartsim/telemetry/manifest.json
2024-05-31 11:18:00,937 eidf079-gpu1.vms.os.eidf.epcc.ed.ac.uk TelemetryMonitor[3699201:Thread-1] INFO Modified file: /home/eidf079/eidf079/mweissen-ai4nz/windrl/Wind-RL/launch_dummy_run/.smartsim/telemetry/manifest.json
2024-05-31 11:18:00,938 eidf079-gpu1.vms.os.eidf.epcc.ed.ac.uk TelemetryMonitor[3700390:Thread-1] INFO Modified file: /home/eidf079/eidf079/mweissen-ai4nz/windrl/Wind-RL/launch_dummy_run/.smartsim/telemetry/manifest.json
2024-05-31 11:18:00,949 eidf079-gpu1.vms.os.eidf.epcc.ed.ac.uk TelemetryMonitor[3701069:Thread-1] INFO Opened file: /home/eidf079/eidf079/mweissen-ai4nz/windrl/Wind-RL/launch_dummy_run/.smartsim/telemetry/manifest.json
2024-05-31 11:18:00,950 eidf079-gpu1.vms.os.eidf.epcc.ed.ac.uk TelemetryMonitor[3701069:Thread-1] INFO Modified file: /home/eidf079/eidf079/mweissen-ai4nz/windrl/Wind-RL/launch_dummy_run/.smartsim/telemetry/manifest.json
2024-05-31 11:18:00,950 eidf079-gpu1.vms.os.eidf.epcc.ed.ac.uk TelemetryMonitor[3699201:Thread-1] INFO Opened file: /home/eidf079/eidf079/mweissen-ai4nz/windrl/Wind-RL/launch_dummy_run/.smartsim/telemetry/manifest.json
2024-05-31 11:18:00,950 eidf079-gpu1.vms.os.eidf.epcc.ed.ac.uk TelemetryMonitor[3699201:Thread-1] INFO Modified file: /home/eidf079/eidf079/mweissen-ai4nz/windrl/Wind-RL/launch_dummy_run/.smartsim/telemetry/manifest.json
2024-05-31 11:18:00,950 eidf079-gpu1.vms.os.eidf.epcc.ed.ac.uk TelemetryMonitor[3700390:Thread-1] INFO Opened file: /home/eidf079/eidf079/mweissen-ai4nz/windrl/Wind-RL/launch_dummy_run/.smartsim/telemetry/manifest.json
2024-05-31 11:18:00,951 eidf079-gpu1.vms.os.eidf.epcc.ed.ac.uk TelemetryMonitor[3700390:Thread-1] INFO Modified file: /home/eidf079/eidf079/mweissen-ai4nz/windrl/Wind-RL/launch_dummy_run/.smartsim/telemetry/manifest.json
2024-05-31 11:18:00,961 eidf079-gpu1.vms.os.eidf.epcc.ed.ac.uk TelemetryMonitor[3701069:Thread-1] INFO Closed file: /home/eidf079/eidf079/mweissen-ai4nz/windrl/Wind-RL/launch_dummy_run/.smartsim/telemetry/manifest.json
2024-05-31 11:18:00,962 eidf079-gpu1.vms.os.eidf.epcc.ed.ac.uk TelemetryMonitor[3701069:Thread-1] INFO Modified directory: /home/eidf079/eidf079/mweissen-ai4nz/windrl/Wind-RL/launch_dummy_run/.smartsim/telemetry
2024-05-31 11:18:00,962 eidf079-gpu1.vms.os.eidf.epcc.ed.ac.uk TelemetryMonitor[3701069:Thread-1] INFO Opened file: /home/eidf079/eidf079/mweissen-ai4nz/windrl/Wind-RL/launch_dummy_run/.smartsim/telemetry/manifest.json
2024-05-31 11:18:00,962 eidf079-gpu1.vms.os.eidf.epcc.ed.ac.uk TelemetryMonitor[3699201:Thread-1] INFO Closed file: /home/eidf079/eidf079/mweissen-ai4nz/windrl/Wind-RL/launch_dummy_run/.smartsim/telemetry/manifest.json
2024-05-31 11:18:00,962 eidf079-gpu1.vms.os.eidf.epcc.ed.ac.uk TelemetryMonitor[3699201:Thread-1] INFO Modified directory: /home/eidf079/eidf079/mweissen-ai4nz/windrl/Wind-RL/launch_dummy_run/.smartsim/telemetry
2024-05-31 11:18:00,962 eidf079-gpu1.vms.os.eidf.epcc.ed.ac.uk TelemetryMonitor[3701069:Thread-1] INFO Opened file: /home/eidf079/eidf079/mweissen-ai4nz/windrl/Wind-RL/launch_dummy_run/.smartsim/telemetry/manifest.json
2024-05-31 11:18:00,963 eidf079-gpu1.vms.os.eidf.epcc.ed.ac.uk TelemetryMonitor[3699201:Thread-1] INFO Opened file: /home/eidf079/eidf079/mweissen-ai4nz/windrl/Wind-RL/launch_dummy_run/.smartsim/telemetry/manifest.json
2024-05-31 11:18:00,963 eidf079-gpu1.vms.os.eidf.epcc.ed.ac.uk TelemetryMonitor[3700390:Thread-1] INFO Closed file: /home/eidf079/eidf079/mweissen-ai4nz/windrl/Wind-RL/launch_dummy_run/.smartsim/telemetry/manifest.json
2024-05-31 11:18:00,963 eidf079-gpu1.vms.os.eidf.epcc.ed.ac.uk TelemetryMonitor[3700390:Thread-1] INFO Modified directory: /home/eidf079/eidf079/mweissen-ai4nz/windrl/Wind-RL/launch_dummy_run/.smartsim/telemetry
2024-05-31 11:18:00,963 eidf079-gpu1.vms.os.eidf.epcc.ed.ac.uk TelemetryMonitor[3699201:Thread-1] INFO Opened file: /home/eidf079/eidf079/mweissen-ai4nz/windrl/Wind-RL/launch_dummy_run/.smartsim/telemetry/manifest.json
2024-05-31 11:18:00,963 eidf079-gpu1.vms.os.eidf.epcc.ed.ac.uk TelemetryMonitor[3700390:Thread-1] INFO Opened file: /home/eidf079/eidf079/mweissen-ai4nz/windrl/Wind-RL/launch_dummy_run/.smartsim/telemetry/manifest.json
2024-05-31 11:18:00,964 eidf079-gpu1.vms.os.eidf.epcc.ed.ac.uk TelemetryMonitor[3700390:Thread-1] INFO Opened file: /home/eidf079/eidf079/mweissen-ai4nz/windrl/Wind-RL/launch_dummy_run/.smartsim/telemetry/manifest.json
2024-05-31 11:19:02,776 eidf079-gpu1.vms.os.eidf.epcc.ed.ac.uk TelemetryMonitor[3701521:MainThread] INFO Executing telemetry monitor
2024-05-31 11:19:02,776 eidf079-gpu1.vms.os.eidf.epcc.ed.ac.uk TelemetryMonitor[3701521:MainThread] INFO Polling frequency: 5.0s
2024-05-31 11:19:02,776 eidf079-gpu1.vms.os.eidf.epcc.ed.ac.uk TelemetryMonitor[3701521:MainThread] INFO Experiment directory: /home/eidf079/eidf079/mweissen-ai4nz/windrl/Wind-RL/launch_dummy_run
2024-05-31 11:19:02,776 eidf079-gpu1.vms.os.eidf.epcc.ed.ac.uk TelemetryMonitor[3701521:MainThread] INFO Telemetry output: /home/eidf079/eidf079/mweissen-ai4nz/windrl/Wind-RL/launch_dummy_run/.smartsim/telemetry
2024-05-31 11:19:02,787 eidf079-gpu1.vms.os.eidf.epcc.ed.ac.uk TelemetryMonitor[3700390:Thread-1] INFO Opened file: /home/eidf079/eidf079/mweissen-ai4nz/windrl/Wind-RL/launch_dummy_run/.smartsim/telemetry/manifest.json
2024-05-31 11:19:02,787 eidf079-gpu1.vms.os.eidf.epcc.ed.ac.uk TelemetryMonitor[3699201:Thread-1] INFO Opened file: /home/eidf079/eidf079/mweissen-ai4nz/windrl/Wind-RL/launch_dummy_run/.smartsim/telemetry/manifest.json
2024-05-31 11:19:02,787 eidf079-gpu1.vms.os.eidf.epcc.ed.ac.uk TelemetryMonitor[3701069:Thread-1] INFO Opened file: /home/eidf079/eidf079/mweissen-ai4nz/windrl/Wind-RL/launch_dummy_run/.smartsim/telemetry/manifest.json
2024-05-31 11:19:12,573 eidf079-gpu1.vms.os.eidf.epcc.ed.ac.uk TelemetryMonitor[3699201:Thread-1] INFO Opened file: /home/eidf079/eidf079/mweissen-ai4nz/windrl/Wind-RL/launch_dummy_run/.smartsim/telemetry/manifest.json
2024-05-31 11:19:12,574 eidf079-gpu1.vms.os.eidf.epcc.ed.ac.uk TelemetryMonitor[3700390:Thread-1] INFO Opened file: /home/eidf079/eidf079/mweissen-ai4nz/windrl/Wind-RL/launch_dummy_run/.smartsim/telemetry/manifest.json
2024-05-31 11:19:12,574 eidf079-gpu1.vms.os.eidf.epcc.ed.ac.uk TelemetryMonitor[3701069:Thread-1] INFO Opened file: /home/eidf079/eidf079/mweissen-ai4nz/windrl/Wind-RL/launch_dummy_run/.smartsim/telemetry/manifest.json
2024-05-31 11:19:12,574 eidf079-gpu1.vms.os.eidf.epcc.ed.ac.uk TelemetryMonitor[3701521:Thread-1] INFO Opened file: /home/eidf079/eidf079/mweissen-ai4nz/windrl/Wind-RL/launch_dummy_run/.smartsim/telemetry/manifest.json
2024-05-31 11:19:12,574 eidf079-gpu1.vms.os.eidf.epcc.ed.ac.uk TelemetryMonitor[3699201:Thread-1] INFO Modified file: /home/eidf079/eidf079/mweissen-ai4nz/windrl/Wind-RL/launch_dummy_run/.smartsim/telemetry/manifest.json
2024-05-31 11:19:12,574 eidf079-gpu1.vms.os.eidf.epcc.ed.ac.uk TelemetryMonitor[3701069:Thread-1] INFO Modified file: /home/eidf079/eidf079/mweissen-ai4nz/windrl/Wind-RL/launch_dummy_run/.smartsim/telemetry/manifest.json
2024-05-31 11:19:12,575 eidf079-gpu1.vms.os.eidf.epcc.ed.ac.uk TelemetryMonitor[3700390:Thread-1] INFO Modified file: /home/eidf079/eidf079/mweissen-ai4nz/windrl/Wind-RL/launch_dummy_run/.smartsim/telemetry/manifest.json
2024-05-31 11:19:12,576 eidf079-gpu1.vms.os.eidf.epcc.ed.ac.uk TelemetryMonitor[3701521:Thread-1] INFO Modified file: /home/eidf079/eidf079/mweissen-ai4nz/windrl/Wind-RL/launch_dummy_run/.smartsim/telemetry/manifest.json
2024-05-31 11:19:12,587 eidf079-gpu1.vms.os.eidf.epcc.ed.ac.uk TelemetryMonitor[3699201:Thread-1] INFO Opened file: /home/eidf079/eidf079/mweissen-ai4nz/windrl/Wind-RL/launch_dummy_run/.smartsim/telemetry/manifest.json
2024-05-31 11:19:12,587 eidf079-gpu1.vms.os.eidf.epcc.ed.ac.uk TelemetryMonitor[3699201:Thread-1] INFO Modified file: /home/eidf079/eidf079/mweissen-ai4nz/windrl/Wind-RL/launch_dummy_run/.smartsim/telemetry/manifest.json
2024-05-31 11:19:12,587 eidf079-gpu1.vms.os.eidf.epcc.ed.ac.uk TelemetryMonitor[3701069:Thread-1] INFO Opened file: /home/eidf079/eidf079/mweissen-ai4nz/windrl/Wind-RL/launch_dummy_run/.smartsim/telemetry/manifest.json
2024-05-31 11:19:12,588 eidf079-gpu1.vms.os.eidf.epcc.ed.ac.uk TelemetryMonitor[3700390:Thread-1] INFO Opened file: /home/eidf079/eidf079/mweissen-ai4nz/windrl/Wind-RL/launch_dummy_run/.smartsim/telemetry/manifest.json
2024-05-31 11:19:12,588 eidf079-gpu1.vms.os.eidf.epcc.ed.ac.uk TelemetryMonitor[3701069:Thread-1] INFO Modified file: /home/eidf079/eidf079/mweissen-ai4nz/windrl/Wind-RL/launch_dummy_run/.smartsim/telemetry/manifest.json
2024-05-31 11:19:12,588 eidf079-gpu1.vms.os.eidf.epcc.ed.ac.uk TelemetryMonitor[3700390:Thread-1] INFO Modified file: /home/eidf079/eidf079/mweissen-ai4nz/windrl/Wind-RL/launch_dummy_run/.smartsim/telemetry/manifest.json
2024-05-31 11:19:12,589 eidf079-gpu1.vms.os.eidf.epcc.ed.ac.uk TelemetryMonitor[3701521:Thread-1] INFO Opened file: /home/eidf079/eidf079/mweissen-ai4nz/windrl/Wind-RL/launch_dummy_run/.smartsim/telemetry/manifest.json
2024-05-31 11:19:12,589 eidf079-gpu1.vms.os.eidf.epcc.ed.ac.uk TelemetryMonitor[3701521:Thread-1] INFO Modified file: /home/eidf079/eidf079/mweissen-ai4nz/windrl/Wind-RL/launch_dummy_run/.smartsim/telemetry/manifest.json
2024-05-31 11:19:12,600 eidf079-gpu1.vms.os.eidf.epcc.ed.ac.uk TelemetryMonitor[3699201:Thread-1] INFO Closed file: /home/eidf079/eidf079/mweissen-ai4nz/windrl/Wind-RL/launch_dummy_run/.smartsim/telemetry/manifest.json
2024-05-31 11:19:12,601 eidf079-gpu1.vms.os.eidf.epcc.ed.ac.uk TelemetryMonitor[3699201:Thread-1] INFO Modified directory: /home/eidf079/eidf079/mweissen-ai4nz/windrl/Wind-RL/launch_dummy_run/.smartsim/telemetry
2024-05-31 11:19:12,601 eidf079-gpu1.vms.os.eidf.epcc.ed.ac.uk TelemetryMonitor[3699201:Thread-1] INFO Opened file: /home/eidf079/eidf079/mweissen-ai4nz/windrl/Wind-RL/launch_dummy_run/.smartsim/telemetry/manifest.json
2024-05-31 11:19:12,601 eidf079-gpu1.vms.os.eidf.epcc.ed.ac.uk TelemetryMonitor[3700390:Thread-1] INFO Closed file: /home/eidf079/eidf079/mweissen-ai4nz/windrl/Wind-RL/launch_dummy_run/.smartsim/telemetry/manifest.json
2024-05-31 11:19:12,601 eidf079-gpu1.vms.os.eidf.epcc.ed.ac.uk TelemetryMonitor[3701069:Thread-1] INFO Closed file: /home/eidf079/eidf079/mweissen-ai4nz/windrl/Wind-RL/launch_dummy_run/.smartsim/telemetry/manifest.json
2024-05-31 11:19:12,601 eidf079-gpu1.vms.os.eidf.epcc.ed.ac.uk TelemetryMonitor[3701069:Thread-1] INFO Modified directory: /home/eidf079/eidf079/mweissen-ai4nz/windrl/Wind-RL/launch_dummy_run/.smartsim/telemetry
2024-05-31 11:19:12,601 eidf079-gpu1.vms.os.eidf.epcc.ed.ac.uk TelemetryMonitor[3699201:Thread-1] INFO Opened file: /home/eidf079/eidf079/mweissen-ai4nz/windrl/Wind-RL/launch_dummy_run/.smartsim/telemetry/manifest.json
2024-05-31 11:19:12,601 eidf079-gpu1.vms.os.eidf.epcc.ed.ac.uk TelemetryMonitor[3700390:Thread-1] INFO Modified directory: /home/eidf079/eidf079/mweissen-ai4nz/windrl/Wind-RL/launch_dummy_run/.smartsim/telemetry
2024-05-31 11:19:12,602 eidf079-gpu1.vms.os.eidf.epcc.ed.ac.uk TelemetryMonitor[3701069:Thread-1] INFO Opened file: /home/eidf079/eidf079/mweissen-ai4nz/windrl/Wind-RL/launch_dummy_run/.smartsim/telemetry/manifest.json
2024-05-31 11:19:12,602 eidf079-gpu1.vms.os.eidf.epcc.ed.ac.uk TelemetryMonitor[3700390:Thread-1] INFO Opened file: /home/eidf079/eidf079/mweissen-ai4nz/windrl/Wind-RL/launch_dummy_run/.smartsim/telemetry/manifest.json
2024-05-31 11:19:12,602 eidf079-gpu1.vms.os.eidf.epcc.ed.ac.uk TelemetryMonitor[3701521:Thread-1] INFO Closed file: /home/eidf079/eidf079/mweissen-ai4nz/windrl/Wind-RL/launch_dummy_run/.smartsim/telemetry/manifest.json
2024-05-31 11:19:12,602 eidf079-gpu1.vms.os.eidf.epcc.ed.ac.uk TelemetryMonitor[3699201:Thread-1] INFO Opened file: /home/eidf079/eidf079/mweissen-ai4nz/windrl/Wind-RL/launch_dummy_run/.smartsim/telemetry/manifest.json
2024-05-31 11:19:12,602 eidf079-gpu1.vms.os.eidf.epcc.ed.ac.uk TelemetryMonitor[3701521:Thread-1] INFO Modified directory: /home/eidf079/eidf079/mweissen-ai4nz/windrl/Wind-RL/launch_dummy_run/.smartsim/telemetry
2024-05-31 11:19:12,602 eidf079-gpu1.vms.os.eidf.epcc.ed.ac.uk TelemetryMonitor[3700390:Thread-1] INFO Opened file: /home/eidf079/eidf079/mweissen-ai4nz/windrl/Wind-RL/launch_dummy_run/.smartsim/telemetry/manifest.json
2024-05-31 11:19:12,602 eidf079-gpu1.vms.os.eidf.epcc.ed.ac.uk TelemetryMonitor[3701521:Thread-1] INFO Opened file: /home/eidf079/eidf079/mweissen-ai4nz/windrl/Wind-RL/launch_dummy_run/.smartsim/telemetry/manifest.json
2024-05-31 11:19:12,602 eidf079-gpu1.vms.os.eidf.epcc.ed.ac.uk TelemetryMonitor[3701069:Thread-1] INFO Opened file: /home/eidf079/eidf079/mweissen-ai4nz/windrl/Wind-RL/launch_dummy_run/.smartsim/telemetry/manifest.json
2024-05-31 11:19:12,603 eidf079-gpu1.vms.os.eidf.epcc.ed.ac.uk TelemetryMonitor[3701521:Thread-1] INFO Opened file: /home/eidf079/eidf079/mweissen-ai4nz/windrl/Wind-RL/launch_dummy_run/.smartsim/telemetry/manifest.json
2024-05-31 11:19:12,785 eidf079-gpu1.vms.os.eidf.epcc.ed.ac.uk TelemetryMonitor[3701069:Thread-1] INFO Opened file: /home/eidf079/eidf079/mweissen-ai4nz/windrl/Wind-RL/launch_dummy_run/.smartsim/telemetry/manifest.json
2024-05-31 11:19:12,785 eidf079-gpu1.vms.os.eidf.epcc.ed.ac.uk TelemetryMonitor[3699201:Thread-1] INFO Opened file: /home/eidf079/eidf079/mweissen-ai4nz/windrl/Wind-RL/launch_dummy_run/.smartsim/telemetry/manifest.json
2024-05-31 11:19:12,785 eidf079-gpu1.vms.os.eidf.epcc.ed.ac.uk TelemetryMonitor[3701521:Thread-1] INFO Opened file: /home/eidf079/eidf079/mweissen-ai4nz/windrl/Wind-RL/launch_dummy_run/.smartsim/telemetry/manifest.json
2024-05-31 11:19:12,785 eidf079-gpu1.vms.os.eidf.epcc.ed.ac.uk TelemetryMonitor[3699201:Thread-1] INFO Modified file: /home/eidf079/eidf079/mweissen-ai4nz/windrl/Wind-RL/launch_dummy_run/.smartsim/telemetry/manifest.json
2024-05-31 11:19:12,785 eidf079-gpu1.vms.os.eidf.epcc.ed.ac.uk TelemetryMonitor[3700390:Thread-1] INFO Opened file: /home/eidf079/eidf079/mweissen-ai4nz/windrl/Wind-RL/launch_dummy_run/.smartsim/telemetry/manifest.json
2024-05-31 11:19:12,786 eidf079-gpu1.vms.os.eidf.epcc.ed.ac.uk TelemetryMonitor[3701521:Thread-1] INFO Modified file: /home/eidf079/eidf079/mweissen-ai4nz/windrl/Wind-RL/launch_dummy_run/.smartsim/telemetry/manifest.json
2024-05-31 11:19:12,786 eidf079-gpu1.vms.os.eidf.epcc.ed.ac.uk TelemetryMonitor[3701069:Thread-1] INFO Modified file: /home/eidf079/eidf079/mweissen-ai4nz/windrl/Wind-RL/launch_dummy_run/.smartsim/telemetry/manifest.json
2024-05-31 11:19:12,786 eidf079-gpu1.vms.os.eidf.epcc.ed.ac.uk TelemetryMonitor[3700390:Thread-1] INFO Modified file: /home/eidf079/eidf079/mweissen-ai4nz/windrl/Wind-RL/launch_dummy_run/.smartsim/telemetry/manifest.json
2024-05-31 11:19:12,798 eidf079-gpu1.vms.os.eidf.epcc.ed.ac.uk TelemetryMonitor[3699201:Thread-1] INFO Opened file: /home/eidf079/eidf079/mweissen-ai4nz/windrl/Wind-RL/launch_dummy_run/.smartsim/telemetry/manifest.json
2024-05-31 11:19:12,798 eidf079-gpu1.vms.os.eidf.epcc.ed.ac.uk TelemetryMonitor[3699201:Thread-1] INFO Modified file: /home/eidf079/eidf079/mweissen-ai4nz/windrl/Wind-RL/launch_dummy_run/.smartsim/telemetry/manifest.json
2024-05-31 11:19:12,798 eidf079-gpu1.vms.os.eidf.epcc.ed.ac.uk TelemetryMonitor[3701521:Thread-1] INFO Opened file: /home/eidf079/eidf079/mweissen-ai4nz/windrl/Wind-RL/launch_dummy_run/.smartsim/telemetry/manifest.json
2024-05-31 11:19:12,798 eidf079-gpu1.vms.os.eidf.epcc.ed.ac.uk TelemetryMonitor[3701521:Thread-1] INFO Modified file: /home/eidf079/eidf079/mweissen-ai4nz/windrl/Wind-RL/launch_dummy_run/.smartsim/telemetry/manifest.json
2024-05-31 11:19:12,799 eidf079-gpu1.vms.os.eidf.epcc.ed.ac.uk TelemetryMonitor[3701069:Thread-1] INFO Opened file: /home/eidf079/eidf079/mweissen-ai4nz/windrl/Wind-RL/launch_dummy_run/.smartsim/telemetry/manifest.json
2024-05-31 11:19:12,799 eidf079-gpu1.vms.os.eidf.epcc.ed.ac.uk TelemetryMonitor[3700390:Thread-1] INFO Opened file: /home/eidf079/eidf079/mweissen-ai4nz/windrl/Wind-RL/launch_dummy_run/.smartsim/telemetry/manifest.json
2024-05-31 11:19:12,799 eidf079-gpu1.vms.os.eidf.epcc.ed.ac.uk TelemetryMonitor[3701069:Thread-1] INFO Modified file: /home/eidf079/eidf079/mweissen-ai4nz/windrl/Wind-RL/launch_dummy_run/.smartsim/telemetry/manifest.json
2024-05-31 11:19:12,799 eidf079-gpu1.vms.os.eidf.epcc.ed.ac.uk TelemetryMonitor[3700390:Thread-1] INFO Modified file: /home/eidf079/eidf079/mweissen-ai4nz/windrl/Wind-RL/launch_dummy_run/.smartsim/telemetry/manifest.json
2024-05-31 11:19:12,809 eidf079-gpu1.vms.os.eidf.epcc.ed.ac.uk TelemetryMonitor[3699201:Thread-1] INFO Closed file: /home/eidf079/eidf079/mweissen-ai4nz/windrl/Wind-RL/launch_dummy_run/.smartsim/telemetry/manifest.json
2024-05-31 11:19:12,810 eidf079-gpu1.vms.os.eidf.epcc.ed.ac.uk TelemetryMonitor[3699201:Thread-1] INFO Modified directory: /home/eidf079/eidf079/mweissen-ai4nz/windrl/Wind-RL/launch_dummy_run/.smartsim/telemetry
2024-05-31 11:19:12,810 eidf079-gpu1.vms.os.eidf.epcc.ed.ac.uk TelemetryMonitor[3699201:Thread-1] INFO Opened file: /home/eidf079/eidf079/mweissen-ai4nz/windrl/Wind-RL/launch_dummy_run/.smartsim/telemetry/manifest.json
2024-05-31 11:19:12,810 eidf079-gpu1.vms.os.eidf.epcc.ed.ac.uk TelemetryMonitor[3701521:Thread-1] INFO Closed file: /home/eidf079/eidf079/mweissen-ai4nz/windrl/Wind-RL/launch_dummy_run/.smartsim/telemetry/manifest.json
2024-05-31 11:19:12,810 eidf079-gpu1.vms.os.eidf.epcc.ed.ac.uk TelemetryMonitor[3699201:Thread-1] INFO Opened file: /home/eidf079/eidf079/mweissen-ai4nz/windrl/Wind-RL/launch_dummy_run/.smartsim/telemetry/manifest.json
2024-05-31 11:19:12,811 eidf079-gpu1.vms.os.eidf.epcc.ed.ac.uk TelemetryMonitor[3701521:Thread-1] INFO Modified directory: /home/eidf079/eidf079/mweissen-ai4nz/windrl/Wind-RL/launch_dummy_run/.smartsim/telemetry
2024-05-31 11:19:12,811 eidf079-gpu1.vms.os.eidf.epcc.ed.ac.uk TelemetryMonitor[3701521:Thread-1] INFO Opened file: /home/eidf079/eidf079/mweissen-ai4nz/windrl/Wind-RL/launch_dummy_run/.smartsim/telemetry/manifest.json
2024-05-31 11:19:12,811 eidf079-gpu1.vms.os.eidf.epcc.ed.ac.uk TelemetryMonitor[3699201:Thread-1] INFO Opened file: /home/eidf079/eidf079/mweissen-ai4nz/windrl/Wind-RL/launch_dummy_run/.smartsim/telemetry/manifest.json
2024-05-31 11:19:12,811 eidf079-gpu1.vms.os.eidf.epcc.ed.ac.uk TelemetryMonitor[3701069:Thread-1] INFO Closed file: /home/eidf079/eidf079/mweissen-ai4nz/windrl/Wind-RL/launch_dummy_run/.smartsim/telemetry/manifest.json
2024-05-31 11:19:12,811 eidf079-gpu1.vms.os.eidf.epcc.ed.ac.uk TelemetryMonitor[3701521:Thread-1] INFO Opened file: /home/eidf079/eidf079/mweissen-ai4nz/windrl/Wind-RL/launch_dummy_run/.smartsim/telemetry/manifest.json
2024-05-31 11:19:12,812 eidf079-gpu1.vms.os.eidf.epcc.ed.ac.uk TelemetryMonitor[3700390:Thread-1] INFO Closed file: /home/eidf079/eidf079/mweissen-ai4nz/windrl/Wind-RL/launch_dummy_run/.smartsim/telemetry/manifest.json
2024-05-31 11:19:12,812 eidf079-gpu1.vms.os.eidf.epcc.ed.ac.uk TelemetryMonitor[3701069:Thread-1] INFO Modified directory: /home/eidf079/eidf079/mweissen-ai4nz/windrl/Wind-RL/launch_dummy_run/.smartsim/telemetry
2024-05-31 11:19:12,812 eidf079-gpu1.vms.os.eidf.epcc.ed.ac.uk TelemetryMonitor[3700390:Thread-1] INFO Modified directory: /home/eidf079/eidf079/mweissen-ai4nz/windrl/Wind-RL/launch_dummy_run/.smartsim/telemetry
2024-05-31 11:19:12,812 eidf079-gpu1.vms.os.eidf.epcc.ed.ac.uk TelemetryMonitor[3701069:Thread-1] INFO Opened file: /home/eidf079/eidf079/mweissen-ai4nz/windrl/Wind-RL/launch_dummy_run/.smartsim/telemetry/manifest.json
2024-05-31 11:19:12,812 eidf079-gpu1.vms.os.eidf.epcc.ed.ac.uk TelemetryMonitor[3700390:Thread-1] INFO Opened file: /home/eidf079/eidf079/mweissen-ai4nz/windrl/Wind-RL/launch_dummy_run/.smartsim/telemetry/manifest.json
2024-05-31 11:19:12,813 eidf079-gpu1.vms.os.eidf.epcc.ed.ac.uk TelemetryMonitor[3701069:Thread-1] INFO Opened file: /home/eidf079/eidf079/mweissen-ai4nz/windrl/Wind-RL/launch_dummy_run/.smartsim/telemetry/manifest.json
2024-05-31 11:19:12,813 eidf079-gpu1.vms.os.eidf.epcc.ed.ac.uk TelemetryMonitor[3700390:Thread-1] INFO Opened file: /home/eidf079/eidf079/mweissen-ai4nz/windrl/Wind-RL/launch_dummy_run/.smartsim/telemetry/manifest.json
2024-05-31 11:19:49,058 eidf079-gpu1.vms.os.eidf.epcc.ed.ac.uk TelemetryMonitor[3701953:MainThread] INFO Executing telemetry monitor
2024-05-31 11:19:49,059 eidf079-gpu1.vms.os.eidf.epcc.ed.ac.uk TelemetryMonitor[3701953:MainThread] INFO Polling frequency: 5.0s
2024-05-31 11:19:49,059 eidf079-gpu1.vms.os.eidf.epcc.ed.ac.uk TelemetryMonitor[3701953:MainThread] INFO Experiment directory: /home/eidf079/eidf079/mweissen-ai4nz/windrl/Wind-RL/launch_dummy_run
2024-05-31 11:19:49,059 eidf079-gpu1.vms.os.eidf.epcc.ed.ac.uk TelemetryMonitor[3701953:MainThread] INFO Telemetry output: /home/eidf079/eidf079/mweissen-ai4nz/windrl/Wind-RL/launch_dummy_run/.smartsim/telemetry
2024-05-31 11:19:49,070 eidf079-gpu1.vms.os.eidf.epcc.ed.ac.uk TelemetryMonitor[3701069:Thread-1] INFO Opened file: /home/eidf079/eidf079/mweissen-ai4nz/windrl/Wind-RL/launch_dummy_run/.smartsim/telemetry/manifest.json
2024-05-31 11:19:49,071 eidf079-gpu1.vms.os.eidf.epcc.ed.ac.uk TelemetryMonitor[3700390:Thread-1] INFO Opened file: /home/eidf079/eidf079/mweissen-ai4nz/windrl/Wind-RL/launch_dummy_run/.smartsim/telemetry/manifest.json
2024-05-31 11:19:49,071 eidf079-gpu1.vms.os.eidf.epcc.ed.ac.uk TelemetryMonitor[3701521:Thread-1] INFO Opened file: /home/eidf079/eidf079/mweissen-ai4nz/windrl/Wind-RL/launch_dummy_run/.smartsim/telemetry/manifest.json
2024-05-31 11:19:49,071 eidf079-gpu1.vms.os.eidf.epcc.ed.ac.uk TelemetryMonitor[3699201:Thread-1] INFO Opened file: /home/eidf079/eidf079/mweissen-ai4nz/windrl/Wind-RL/launch_dummy_run/.smartsim/telemetry/manifest.json
2024-05-31 11:19:58,852 eidf079-gpu1.vms.os.eidf.epcc.ed.ac.uk TelemetryMonitor[3700390:Thread-1] INFO Opened file: /home/eidf079/eidf079/mweissen-ai4nz/windrl/Wind-RL/launch_dummy_run/.smartsim/telemetry/manifest.json
2024-05-31 11:19:58,852 eidf079-gpu1.vms.os.eidf.epcc.ed.ac.uk TelemetryMonitor[3701521:Thread-1] INFO Opened file: /home/eidf079/eidf079/mweissen-ai4nz/windrl/Wind-RL/launch_dummy_run/.smartsim/telemetry/manifest.json
2024-05-31 11:19:58,852 eidf079-gpu1.vms.os.eidf.epcc.ed.ac.uk TelemetryMonitor[3701953:Thread-1] INFO Opened file: /home/eidf079/eidf079/mweissen-ai4nz/windrl/Wind-RL/launch_dummy_run/.smartsim/telemetry/manifest.json
2024-05-31 11:19:58,852 eidf079-gpu1.vms.os.eidf.epcc.ed.ac.uk TelemetryMonitor[3699201:Thread-1] INFO Opened file: /home/eidf079/eidf079/mweissen-ai4nz/windrl/Wind-RL/launch_dummy_run/.smartsim/telemetry/manifest.json
2024-05-31 11:19:58,853 eidf079-gpu1.vms.os.eidf.epcc.ed.ac.uk TelemetryMonitor[3701069:Thread-1] INFO Opened file: /home/eidf079/eidf079/mweissen-ai4nz/windrl/Wind-RL/launch_dummy_run/.smartsim/telemetry/manifest.json
2024-05-31 11:19:58,853 eidf079-gpu1.vms.os.eidf.epcc.ed.ac.uk TelemetryMonitor[3700390:Thread-1] INFO Modified file: /home/eidf079/eidf079/mweissen-ai4nz/windrl/Wind-RL/launch_dummy_run/.smartsim/telemetry/manifest.json
2024-05-31 11:19:58,853 eidf079-gpu1.vms.os.eidf.epcc.ed.ac.uk TelemetryMonitor[3701521:Thread-1] INFO Modified file: /home/eidf079/eidf079/mweissen-ai4nz/windrl/Wind-RL/launch_dummy_run/.smartsim/telemetry/manifest.json
2024-05-31 11:19:58,853 eidf079-gpu1.vms.os.eidf.epcc.ed.ac.uk TelemetryMonitor[3699201:Thread-1] INFO Modified file: /home/eidf079/eidf079/mweissen-ai4nz/windrl/Wind-RL/launch_dummy_run/.smartsim/telemetry/manifest.json
2024-05-31 11:19:58,853 eidf079-gpu1.vms.os.eidf.epcc.ed.ac.uk TelemetryMonitor[3701069:Thread-1] INFO Modified file: /home/eidf079/eidf079/mweissen-ai4nz/windrl/Wind-RL/launch_dummy_run/.smartsim/telemetry/manifest.json
2024-05-31 11:19:58,855 eidf079-gpu1.vms.os.eidf.epcc.ed.ac.uk TelemetryMonitor[3701953:Thread-1] INFO Modified file: /home/eidf079/eidf079/mweissen-ai4nz/windrl/Wind-RL/launch_dummy_run/.smartsim/telemetry/manifest.json
2024-05-31 11:19:58,866 eidf079-gpu1.vms.os.eidf.epcc.ed.ac.uk TelemetryMonitor[3700390:Thread-1] INFO Opened file: /home/eidf079/eidf079/mweissen-ai4nz/windrl/Wind-RL/launch_dummy_run/.smartsim/telemetry/manifest.json
2024-05-31 11:19:58,867 eidf079-gpu1.vms.os.eidf.epcc.ed.ac.uk TelemetryMonitor[3700390:Thread-1] INFO Modified file: /home/eidf079/eidf079/mweissen-ai4nz/windrl/Wind-RL/launch_dummy_run/.smartsim/telemetry/manifest.json
2024-05-31 11:19:58,867 eidf079-gpu1.vms.os.eidf.epcc.ed.ac.uk TelemetryMonitor[3701521:Thread-1] INFO Opened file: /home/eidf079/eidf079/mweissen-ai4nz/windrl/Wind-RL/launch_dummy_run/.smartsim/telemetry/manifest.json
2024-05-31 11:19:58,867 eidf079-gpu1.vms.os.eidf.epcc.ed.ac.uk TelemetryMonitor[3699201:Thread-1] INFO Opened file: /home/eidf079/eidf079/mweissen-ai4nz/windrl/Wind-RL/launch_dummy_run/.smartsim/telemetry/manifest.json
2024-05-31 11:19:58,867 eidf079-gpu1.vms.os.eidf.epcc.ed.ac.uk TelemetryMonitor[3701069:Thread-1] INFO Opened file: /home/eidf079/eidf079/mweissen-ai4nz/windrl/Wind-RL/launch_dummy_run/.smartsim/telemetry/manifest.json
2024-05-31 11:19:58,867 eidf079-gpu1.vms.os.eidf.epcc.ed.ac.uk TelemetryMonitor[3701521:Thread-1] INFO Modified file: /home/eidf079/eidf079/mweissen-ai4nz/windrl/Wind-RL/launch_dummy_run/.smartsim/telemetry/manifest.json
2024-05-31 11:19:58,867 eidf079-gpu1.vms.os.eidf.epcc.ed.ac.uk TelemetryMonitor[3699201:Thread-1] INFO Modified file: /home/eidf079/eidf079/mweissen-ai4nz/windrl/Wind-RL/launch_dummy_run/.smartsim/telemetry/manifest.json
2024-05-31 11:19:58,867 eidf079-gpu1.vms.os.eidf.epcc.ed.ac.uk TelemetryMonitor[3701069:Thread-1] INFO Modified file: /home/eidf079/eidf079/mweissen-ai4nz/windrl/Wind-RL/launch_dummy_run/.smartsim/telemetry/manifest.json
2024-05-31 11:19:58,868 eidf079-gpu1.vms.os.eidf.epcc.ed.ac.uk TelemetryMonitor[3701953:Thread-1] INFO Opened file: /home/eidf079/eidf079/mweissen-ai4nz/windrl/Wind-RL/launch_dummy_run/.smartsim/telemetry/manifest.json
2024-05-31 11:19:58,869 eidf079-gpu1.vms.os.eidf.epcc.ed.ac.uk TelemetryMonitor[3701953:Thread-1] INFO Modified file: /home/eidf079/eidf079/mweissen-ai4nz/windrl/Wind-RL/launch_dummy_run/.smartsim/telemetry/manifest.json
2024-05-31 11:19:58,879 eidf079-gpu1.vms.os.eidf.epcc.ed.ac.uk TelemetryMonitor[3700390:Thread-1] INFO Closed file: /home/eidf079/eidf079/mweissen-ai4nz/windrl/Wind-RL/launch_dummy_run/.smartsim/telemetry/manifest.json
2024-05-31 11:19:58,879 eidf079-gpu1.vms.os.eidf.epcc.ed.ac.uk TelemetryMonitor[3700390:Thread-1] INFO Modified directory: /home/eidf079/eidf079/mweissen-ai4nz/windrl/Wind-RL/launch_dummy_run/.smartsim/telemetry
2024-05-31 11:19:58,880 eidf079-gpu1.vms.os.eidf.epcc.ed.ac.uk TelemetryMonitor[3700390:Thread-1] INFO Opened file: /home/eidf079/eidf079/mweissen-ai4nz/windrl/Wind-RL/launch_dummy_run/.smartsim/telemetry/manifest.json
2024-05-31 11:19:58,880 eidf079-gpu1.vms.os.eidf.epcc.ed.ac.uk TelemetryMonitor[3701069:Thread-1] INFO Closed file: /home/eidf079/eidf079/mweissen-ai4nz/windrl/Wind-RL/launch_dummy_run/.smartsim/telemetry/manifest.json
2024-05-31 11:19:58,880 eidf079-gpu1.vms.os.eidf.epcc.ed.ac.uk TelemetryMonitor[3701521:Thread-1] INFO Closed file: /home/eidf079/eidf079/mweissen-ai4nz/windrl/Wind-RL/launch_dummy_run/.smartsim/telemetry/manifest.json
2024-05-31 11:19:58,880 eidf079-gpu1.vms.os.eidf.epcc.ed.ac.uk TelemetryMonitor[3699201:Thread-1] INFO Closed file: /home/eidf079/eidf079/mweissen-ai4nz/windrl/Wind-RL/launch_dummy_run/.smartsim/telemetry/manifest.json
2024-05-31 11:19:58,880 eidf079-gpu1.vms.os.eidf.epcc.ed.ac.uk TelemetryMonitor[3701521:Thread-1] INFO Modified directory: /home/eidf079/eidf079/mweissen-ai4nz/windrl/Wind-RL/launch_dummy_run/.smartsim/telemetry
2024-05-31 11:19:58,880 eidf079-gpu1.vms.os.eidf.epcc.ed.ac.uk TelemetryMonitor[3701069:Thread-1] INFO Modified directory: /home/eidf079/eidf079/mweissen-ai4nz/windrl/Wind-RL/launch_dummy_run/.smartsim/telemetry
2024-05-31 11:19:58,881 eidf079-gpu1.vms.os.eidf.epcc.ed.ac.uk TelemetryMonitor[3700390:Thread-1] INFO Opened file: /home/eidf079/eidf079/mweissen-ai4nz/windrl/Wind-RL/launch_dummy_run/.smartsim/telemetry/manifest.json
2024-05-31 11:19:58,881 eidf079-gpu1.vms.os.eidf.epcc.ed.ac.uk TelemetryMonitor[3701521:Thread-1] INFO Opened file: /home/eidf079/eidf079/mweissen-ai4nz/windrl/Wind-RL/launch_dummy_run/.smartsim/telemetry/manifest.json
2024-05-31 11:19:58,881 eidf079-gpu1.vms.os.eidf.epcc.ed.ac.uk TelemetryMonitor[3699201:Thread-1] INFO Modified directory: /home/eidf079/eidf079/mweissen-ai4nz/windrl/Wind-RL/launch_dummy_run/.smartsim/telemetry
2024-05-31 11:19:58,881 eidf079-gpu1.vms.os.eidf.epcc.ed.ac.uk TelemetryMonitor[3701069:Thread-1] INFO Opened file: /home/eidf079/eidf079/mweissen-ai4nz/windrl/Wind-RL/launch_dummy_run/.smartsim/telemetry/manifest.json
2024-05-31 11:19:58,881 eidf079-gpu1.vms.os.eidf.epcc.ed.ac.uk TelemetryMonitor[3699201:Thread-1] INFO Opened file: /home/eidf079/eidf079/mweissen-ai4nz/windrl/Wind-RL/launch_dummy_run/.smartsim/telemetry/manifest.json
2024-05-31 11:19:58,881 eidf079-gpu1.vms.os.eidf.epcc.ed.ac.uk TelemetryMonitor[3701069:Thread-1] INFO Opened file: /home/eidf079/eidf079/mweissen-ai4nz/windrl/Wind-RL/launch_dummy_run/.smartsim/telemetry/manifest.json
2024-05-31 11:19:58,881 eidf079-gpu1.vms.os.eidf.epcc.ed.ac.uk TelemetryMonitor[3701953:Thread-1] INFO Closed file: /home/eidf079/eidf079/mweissen-ai4nz/windrl/Wind-RL/launch_dummy_run/.smartsim/telemetry/manifest.json
2024-05-31 11:19:58,881 eidf079-gpu1.vms.os.eidf.epcc.ed.ac.uk TelemetryMonitor[3701521:Thread-1] INFO Opened file: /home/eidf079/eidf079/mweissen-ai4nz/windrl/Wind-RL/launch_dummy_run/.smartsim/telemetry/manifest.json
2024-05-31 11:19:58,881 eidf079-gpu1.vms.os.eidf.epcc.ed.ac.uk TelemetryMonitor[3699201:Thread-1] INFO Opened file: /home/eidf079/eidf079/mweissen-ai4nz/windrl/Wind-RL/launch_dummy_run/.smartsim/telemetry/manifest.json
2024-05-31 11:19:58,882 eidf079-gpu1.vms.os.eidf.epcc.ed.ac.uk TelemetryMonitor[3701953:Thread-1] INFO Modified directory: /home/eidf079/eidf079/mweissen-ai4nz/windrl/Wind-RL/launch_dummy_run/.smartsim/telemetry
2024-05-31 11:19:58,882 eidf079-gpu1.vms.os.eidf.epcc.ed.ac.uk TelemetryMonitor[3701953:Thread-1] INFO Opened file: /home/eidf079/eidf079/mweissen-ai4nz/windrl/Wind-RL/launch_dummy_run/.smartsim/telemetry/manifest.json
2024-05-31 11:19:58,882 eidf079-gpu1.vms.os.eidf.epcc.ed.ac.uk TelemetryMonitor[3701953:Thread-1] INFO Opened file: /home/eidf079/eidf079/mweissen-ai4nz/windrl/Wind-RL/launch_dummy_run/.smartsim/telemetry/manifest.json
2024-05-31 11:19:59,064 eidf079-gpu1.vms.os.eidf.epcc.ed.ac.uk TelemetryMonitor[3701521:Thread-1] INFO Opened file: /home/eidf079/eidf079/mweissen-ai4nz/windrl/Wind-RL/launch_dummy_run/.smartsim/telemetry/manifest.json
2024-05-31 11:19:59,064 eidf079-gpu1.vms.os.eidf.epcc.ed.ac.uk TelemetryMonitor[3701953:Thread-1] INFO Opened file: /home/eidf079/eidf079/mweissen-ai4nz/windrl/Wind-RL/launch_dummy_run/.smartsim/telemetry/manifest.json
2024-05-31 11:19:59,064 eidf079-gpu1.vms.os.eidf.epcc.ed.ac.uk TelemetryMonitor[3699201:Thread-1] INFO Opened file: /home/eidf079/eidf079/mweissen-ai4nz/windrl/Wind-RL/launch_dummy_run/.smartsim/telemetry/manifest.json
2024-05-31 11:19:59,064 eidf079-gpu1.vms.os.eidf.epcc.ed.ac.uk TelemetryMonitor[3700390:Thread-1] INFO Opened file: /home/eidf079/eidf079/mweissen-ai4nz/windrl/Wind-RL/launch_dummy_run/.smartsim/telemetry/manifest.json
2024-05-31 11:19:59,064 eidf079-gpu1.vms.os.eidf.epcc.ed.ac.uk TelemetryMonitor[3701069:Thread-1] INFO Opened file: /home/eidf079/eidf079/mweissen-ai4nz/windrl/Wind-RL/launch_dummy_run/.smartsim/telemetry/manifest.json
2024-05-31 11:19:59,064 eidf079-gpu1.vms.os.eidf.epcc.ed.ac.uk TelemetryMonitor[3701521:Thread-1] INFO Modified file: /home/eidf079/eidf079/mweissen-ai4nz/windrl/Wind-RL/launch_dummy_run/.smartsim/telemetry/manifest.json
2024-05-31 11:19:59,064 eidf079-gpu1.vms.os.eidf.epcc.ed.ac.uk TelemetryMonitor[3701953:Thread-1] INFO Modified file: /home/eidf079/eidf079/mweissen-ai4nz/windrl/Wind-RL/launch_dummy_run/.smartsim/telemetry/manifest.json
2024-05-31 11:19:59,064 eidf079-gpu1.vms.os.eidf.epcc.ed.ac.uk TelemetryMonitor[3699201:Thread-1] INFO Modified file: /home/eidf079/eidf079/mweissen-ai4nz/windrl/Wind-RL/launch_dummy_run/.smartsim/telemetry/manifest.json
2024-05-31 11:19:59,064 eidf079-gpu1.vms.os.eidf.epcc.ed.ac.uk TelemetryMonitor[3700390:Thread-1] INFO Modified file: /home/eidf079/eidf079/mweissen-ai4nz/windrl/Wind-RL/launch_dummy_run/.smartsim/telemetry/manifest.json
2024-05-31 11:19:59,064 eidf079-gpu1.vms.os.eidf.epcc.ed.ac.uk TelemetryMonitor[3701069:Thread-1] INFO Modified file: /home/eidf079/eidf079/mweissen-ai4nz/windrl/Wind-RL/launch_dummy_run/.smartsim/telemetry/manifest.json
2024-05-31 11:19:59,076 eidf079-gpu1.vms.os.eidf.epcc.ed.ac.uk TelemetryMonitor[3699201:Thread-1] INFO Opened file: /home/eidf079/eidf079/mweissen-ai4nz/windrl/Wind-RL/launch_dummy_run/.smartsim/telemetry/manifest.json
2024-05-31 11:19:59,076 eidf079-gpu1.vms.os.eidf.epcc.ed.ac.uk TelemetryMonitor[3701521:Thread-1] INFO Opened file: /home/eidf079/eidf079/mweissen-ai4nz/windrl/Wind-RL/launch_dummy_run/.smartsim/telemetry/manifest.json
2024-05-31 11:19:59,076 eidf079-gpu1.vms.os.eidf.epcc.ed.ac.uk TelemetryMonitor[3701953:Thread-1] INFO Opened file: /home/eidf079/eidf079/mweissen-ai4nz/windrl/Wind-RL/launch_dummy_run/.smartsim/telemetry/manifest.json
2024-05-31 11:19:59,076 eidf079-gpu1.vms.os.eidf.epcc.ed.ac.uk TelemetryMonitor[3699201:Thread-1] INFO Modified file: /home/eidf079/eidf079/mweissen-ai4nz/windrl/Wind-RL/launch_dummy_run/.smartsim/telemetry/manifest.json
2024-05-31 11:19:59,076 eidf079-gpu1.vms.os.eidf.epcc.ed.ac.uk TelemetryMonitor[3701521:Thread-1] INFO Modified file: /home/eidf079/eidf079/mweissen-ai4nz/windrl/Wind-RL/launch_dummy_run/.smartsim/telemetry/manifest.json
2024-05-31 11:19:59,076 eidf079-gpu1.vms.os.eidf.epcc.ed.ac.uk TelemetryMonitor[3701953:Thread-1] INFO Modified file: /home/eidf079/eidf079/mweissen-ai4nz/windrl/Wind-RL/launch_dummy_run/.smartsim/telemetry/manifest.json
2024-05-31 11:19:59,077 eidf079-gpu1.vms.os.eidf.epcc.ed.ac.uk TelemetryMonitor[3700390:Thread-1] INFO Opened file: /home/eidf079/eidf079/mweissen-ai4nz/windrl/Wind-RL/launch_dummy_run/.smartsim/telemetry/manifest.json
2024-05-31 11:19:59,077 eidf079-gpu1.vms.os.eidf.epcc.ed.ac.uk TelemetryMonitor[3700390:Thread-1] INFO Modified file: /home/eidf079/eidf079/mweissen-ai4nz/windrl/Wind-RL/launch_dummy_run/.smartsim/telemetry/manifest.json
2024-05-31 11:19:59,077 eidf079-gpu1.vms.os.eidf.epcc.ed.ac.uk TelemetryMonitor[3701069:Thread-1] INFO Opened file: /home/eidf079/eidf079/mweissen-ai4nz/windrl/Wind-RL/launch_dummy_run/.smartsim/telemetry/manifest.json
2024-05-31 11:19:59,077 eidf079-gpu1.vms.os.eidf.epcc.ed.ac.uk TelemetryMonitor[3701069:Thread-1] INFO Modified file: /home/eidf079/eidf079/mweissen-ai4nz/windrl/Wind-RL/launch_dummy_run/.smartsim/telemetry/manifest.json
2024-05-31 11:19:59,087 eidf079-gpu1.vms.os.eidf.epcc.ed.ac.uk TelemetryMonitor[3701521:Thread-1] INFO Closed file: /home/eidf079/eidf079/mweissen-ai4nz/windrl/Wind-RL/launch_dummy_run/.smartsim/telemetry/manifest.json
2024-05-31 11:19:59,088 eidf079-gpu1.vms.os.eidf.epcc.ed.ac.uk TelemetryMonitor[3699201:Thread-1] INFO Closed file: /home/eidf079/eidf079/mweissen-ai4nz/windrl/Wind-RL/launch_dummy_run/.smartsim/telemetry/manifest.json
2024-05-31 11:19:59,088 eidf079-gpu1.vms.os.eidf.epcc.ed.ac.uk TelemetryMonitor[3701521:Thread-1] INFO Modified directory: /home/eidf079/eidf079/mweissen-ai4nz/windrl/Wind-RL/launch_dummy_run/.smartsim/telemetry
2024-05-31 11:19:59,088 eidf079-gpu1.vms.os.eidf.epcc.ed.ac.uk TelemetryMonitor[3701521:Thread-1] INFO Opened file: /home/eidf079/eidf079/mweissen-ai4nz/windrl/Wind-RL/launch_dummy_run/.smartsim/telemetry/manifest.json
2024-05-31 11:19:59,088 eidf079-gpu1.vms.os.eidf.epcc.ed.ac.uk TelemetryMonitor[3701953:Thread-1] INFO Closed file: /home/eidf079/eidf079/mweissen-ai4nz/windrl/Wind-RL/launch_dummy_run/.smartsim/telemetry/manifest.json
2024-05-31 11:19:59,088 eidf079-gpu1.vms.os.eidf.epcc.ed.ac.uk TelemetryMonitor[3699201:Thread-1] INFO Modified directory: /home/eidf079/eidf079/mweissen-ai4nz/windrl/Wind-RL/launch_dummy_run/.smartsim/telemetry
2024-05-31 11:19:59,088 eidf079-gpu1.vms.os.eidf.epcc.ed.ac.uk TelemetryMonitor[3699201:Thread-1] INFO Opened file: /home/eidf079/eidf079/mweissen-ai4nz/windrl/Wind-RL/launch_dummy_run/.smartsim/telemetry/manifest.json
2024-05-31 11:19:59,088 eidf079-gpu1.vms.os.eidf.epcc.ed.ac.uk TelemetryMonitor[3701953:Thread-1] INFO Modified directory: /home/eidf079/eidf079/mweissen-ai4nz/windrl/Wind-RL/launch_dummy_run/.smartsim/telemetry
2024-05-31 11:19:59,088 eidf079-gpu1.vms.os.eidf.epcc.ed.ac.uk TelemetryMonitor[3701953:Thread-1] INFO Opened file: /home/eidf079/eidf079/mweissen-ai4nz/windrl/Wind-RL/launch_dummy_run/.smartsim/telemetry/manifest.json
2024-05-31 11:19:59,089 eidf079-gpu1.vms.os.eidf.epcc.ed.ac.uk TelemetryMonitor[3701521:Thread-1] INFO Opened file: /home/eidf079/eidf079/mweissen-ai4nz/windrl/Wind-RL/launch_dummy_run/.smartsim/telemetry/manifest.json
2024-05-31 11:19:59,089 eidf079-gpu1.vms.os.eidf.epcc.ed.ac.uk TelemetryMonitor[3699201:Thread-1] INFO Opened file: /home/eidf079/eidf079/mweissen-ai4nz/windrl/Wind-RL/launch_dummy_run/.smartsim/telemetry/manifest.json
2024-05-31 11:19:59,089 eidf079-gpu1.vms.os.eidf.epcc.ed.ac.uk TelemetryMonitor[3701953:Thread-1] INFO Opened file: /home/eidf079/eidf079/mweissen-ai4nz/windrl/Wind-RL/launch_dummy_run/.smartsim/telemetry/manifest.json
2024-05-31 11:19:59,089 eidf079-gpu1.vms.os.eidf.epcc.ed.ac.uk TelemetryMonitor[3700390:Thread-1] INFO Closed file: /home/eidf079/eidf079/mweissen-ai4nz/windrl/Wind-RL/launch_dummy_run/.smartsim/telemetry/manifest.json
2024-05-31 11:19:59,090 eidf079-gpu1.vms.os.eidf.epcc.ed.ac.uk TelemetryMonitor[3701069:Thread-1] INFO Closed file: /home/eidf079/eidf079/mweissen-ai4nz/windrl/Wind-RL/launch_dummy_run/.smartsim/telemetry/manifest.json
2024-05-31 11:19:59,090 eidf079-gpu1.vms.os.eidf.epcc.ed.ac.uk TelemetryMonitor[3700390:Thread-1] INFO Modified directory: /home/eidf079/eidf079/mweissen-ai4nz/windrl/Wind-RL/launch_dummy_run/.smartsim/telemetry
2024-05-31 11:19:59,090 eidf079-gpu1.vms.os.eidf.epcc.ed.ac.uk TelemetryMonitor[3700390:Thread-1] INFO Opened file: /home/eidf079/eidf079/mweissen-ai4nz/windrl/Wind-RL/launch_dummy_run/.smartsim/telemetry/manifest.json
2024-05-31 11:19:59,090 eidf079-gpu1.vms.os.eidf.epcc.ed.ac.uk TelemetryMonitor[3701069:Thread-1] INFO Modified directory: /home/eidf079/eidf079/mweissen-ai4nz/windrl/Wind-RL/launch_dummy_run/.smartsim/telemetry
2024-05-31 11:19:59,090 eidf079-gpu1.vms.os.eidf.epcc.ed.ac.uk TelemetryMonitor[3701069:Thread-1] INFO Opened file: /home/eidf079/eidf079/mweissen-ai4nz/windrl/Wind-RL/launch_dummy_run/.smartsim/telemetry/manifest.json
2024-05-31 11:19:59,090 eidf079-gpu1.vms.os.eidf.epcc.ed.ac.uk TelemetryMonitor[3700390:Thread-1] INFO Opened file: /home/eidf079/eidf079/mweissen-ai4nz/windrl/Wind-RL/launch_dummy_run/.smartsim/telemetry/manifest.json
2024-05-31 11:33:14,145 eidf079-gpu1.vms.os.eidf.epcc.ed.ac.uk TelemetryMonitor[3700390:Thread-1] INFO Opened file: /home/eidf079/eidf079/mweissen-ai4nz/windrl/Wind-RL/launch_dummy_run/.smartsim/telemetry/manifest.json
2024-05-31 11:33:14,145 eidf079-gpu1.vms.os.eidf.epcc.ed.ac.uk TelemetryMonitor[3699201:Thread-1] INFO Opened file: /home/eidf079/eidf079/mweissen-ai4nz/windrl/Wind-RL/launch_dummy_run/.smartsim/telemetry/manifest.json
2024-05-31 11:33:14,145 eidf079-gpu1.vms.os.eidf.epcc.ed.ac.uk TelemetryMonitor[3701953:Thread-1] INFO Opened file: /home/eidf079/eidf079/mweissen-ai4nz/windrl/Wind-RL/launch_dummy_run/.smartsim/telemetry/manifest.json
2024-05-31 11:33:14,145 eidf079-gpu1.vms.os.eidf.epcc.ed.ac.uk TelemetryMonitor[3701521:Thread-1] INFO Opened file: /home/eidf079/eidf079/mweissen-ai4nz/windrl/Wind-RL/launch_dummy_run/.smartsim/telemetry/manifest.json
2024-05-31 11:33:14,146 eidf079-gpu1.vms.os.eidf.epcc.ed.ac.uk TelemetryMonitor[3701069:Thread-1] INFO Opened file: /home/eidf079/eidf079/mweissen-ai4nz/windrl/Wind-RL/launch_dummy_run/.smartsim/telemetry/manifest.json
2024-06-11 12:31:32,791 eidf079-gpu1.vms.os.eidf.epcc.ed.ac.uk TelemetryMonitor[3760619:MainThread] INFO Executing telemetry monitor
2024-06-11 12:31:32,791 eidf079-gpu1.vms.os.eidf.epcc.ed.ac.uk TelemetryMonitor[3760619:MainThread] INFO Polling frequency: 5.0s
2024-06-11 12:31:32,791 eidf079-gpu1.vms.os.eidf.epcc.ed.ac.uk TelemetryMonitor[3760619:MainThread] INFO Experiment directory: /home/eidf079/eidf079/mweissen-ai4nz/windrl/Wind-RL/launch_dummy_run
2024-06-11 12:31:32,791 eidf079-gpu1.vms.os.eidf.epcc.ed.ac.uk TelemetryMonitor[3760619:MainThread] INFO Telemetry output: /home/eidf079/eidf079/mweissen-ai4nz/windrl/Wind-RL/launch_dummy_run/.smartsim/telemetry
2024-06-11 12:31:32,803 eidf079-gpu1.vms.os.eidf.epcc.ed.ac.uk TelemetryMonitor[3699201:Thread-1] INFO Opened file: /home/eidf079/eidf079/mweissen-ai4nz/windrl/Wind-RL/launch_dummy_run/.smartsim/telemetry/manifest.json
2024-06-11 12:31:32,803 eidf079-gpu1.vms.os.eidf.epcc.ed.ac.uk TelemetryMonitor[3701953:Thread-1] INFO Opened file: /home/eidf079/eidf079/mweissen-ai4nz/windrl/Wind-RL/launch_dummy_run/.smartsim/telemetry/manifest.json
2024-06-11 12:31:32,803 eidf079-gpu1.vms.os.eidf.epcc.ed.ac.uk TelemetryMonitor[3701521:Thread-1] INFO Opened file: /home/eidf079/eidf079/mweissen-ai4nz/windrl/Wind-RL/launch_dummy_run/.smartsim/telemetry/manifest.json
2024-06-11 12:31:32,803 eidf079-gpu1.vms.os.eidf.epcc.ed.ac.uk TelemetryMonitor[3701069:Thread-1] INFO Opened file: /home/eidf079/eidf079/mweissen-ai4nz/windrl/Wind-RL/launch_dummy_run/.smartsim/telemetry/manifest.json
2024-06-11 12:31:32,803 eidf079-gpu1.vms.os.eidf.epcc.ed.ac.uk TelemetryMonitor[3700390:Thread-1] INFO Opened file: /home/eidf079/eidf079/mweissen-ai4nz/windrl/Wind-RL/launch_dummy_run/.smartsim/telemetry/manifest.json
2024-06-11 12:31:42,535 eidf079-gpu1.vms.os.eidf.epcc.ed.ac.uk TelemetryMonitor[3699201:Thread-1] INFO Opened file: /home/eidf079/eidf079/mweissen-ai4nz/windrl/Wind-RL/launch_dummy_run/.smartsim/telemetry/manifest.json
2024-06-11 12:31:42,535 eidf079-gpu1.vms.os.eidf.epcc.ed.ac.uk TelemetryMonitor[3701953:Thread-1] INFO Opened file: /home/eidf079/eidf079/mweissen-ai4nz/windrl/Wind-RL/launch_dummy_run/.smartsim/telemetry/manifest.json
2024-06-11 12:31:42,535 eidf079-gpu1.vms.os.eidf.epcc.ed.ac.uk TelemetryMonitor[3700390:Thread-1] INFO Opened file: /home/eidf079/eidf079/mweissen-ai4nz/windrl/Wind-RL/launch_dummy_run/.smartsim/telemetry/manifest.json
2024-06-11 12:31:42,535 eidf079-gpu1.vms.os.eidf.epcc.ed.ac.uk TelemetryMonitor[3701069:Thread-1] INFO Opened file: /home/eidf079/eidf079/mweissen-ai4nz/windrl/Wind-RL/launch_dummy_run/.smartsim/telemetry/manifest.json
2024-06-11 12:31:42,535 eidf079-gpu1.vms.os.eidf.epcc.ed.ac.uk TelemetryMonitor[3760619:Thread-1] INFO Opened file: /home/eidf079/eidf079/mweissen-ai4nz/windrl/Wind-RL/launch_dummy_run/.smartsim/telemetry/manifest.json
2024-06-11 12:31:42,535 eidf079-gpu1.vms.os.eidf.epcc.ed.ac.uk TelemetryMonitor[3701521:Thread-1] INFO Opened file: /home/eidf079/eidf079/mweissen-ai4nz/windrl/Wind-RL/launch_dummy_run/.smartsim/telemetry/manifest.json
2024-06-11 12:31:42,536 eidf079-gpu1.vms.os.eidf.epcc.ed.ac.uk TelemetryMonitor[3699201:Thread-1] INFO Modified file: /home/eidf079/eidf079/mweissen-ai4nz/windrl/Wind-RL/launch_dummy_run/.smartsim/telemetry/manifest.json
2024-06-11 12:31:42,536 eidf079-gpu1.vms.os.eidf.epcc.ed.ac.uk TelemetryMonitor[3701953:Thread-1] INFO Modified file: /home/eidf079/eidf079/mweissen-ai4nz/windrl/Wind-RL/launch_dummy_run/.smartsim/telemetry/manifest.json
2024-06-11 12:31:42,536 eidf079-gpu1.vms.os.eidf.epcc.ed.ac.uk TelemetryMonitor[3700390:Thread-1] INFO Modified file: /home/eidf079/eidf079/mweissen-ai4nz/windrl/Wind-RL/launch_dummy_run/.smartsim/telemetry/manifest.json
2024-06-11 12:31:42,536 eidf079-gpu1.vms.os.eidf.epcc.ed.ac.uk TelemetryMonitor[3701069:Thread-1] INFO Modified file: /home/eidf079/eidf079/mweissen-ai4nz/windrl/Wind-RL/launch_dummy_run/.smartsim/telemetry/manifest.json
2024-06-11 12:31:42,536 eidf079-gpu1.vms.os.eidf.epcc.ed.ac.uk TelemetryMonitor[3701521:Thread-1] INFO Modified file: /home/eidf079/eidf079/mweissen-ai4nz/windrl/Wind-RL/launch_dummy_run/.smartsim/telemetry/manifest.json
2024-06-11 12:31:42,538 eidf079-gpu1.vms.os.eidf.epcc.ed.ac.uk TelemetryMonitor[3760619:Thread-1] INFO Modified file: /home/eidf079/eidf079/mweissen-ai4nz/windrl/Wind-RL/launch_dummy_run/.smartsim/telemetry/manifest.json
2024-06-11 12:31:42,548 eidf079-gpu1.vms.os.eidf.epcc.ed.ac.uk TelemetryMonitor[3699201:Thread-1] INFO Opened file: /home/eidf079/eidf079/mweissen-ai4nz/windrl/Wind-RL/launch_dummy_run/.smartsim/telemetry/manifest.json
2024-06-11 12:31:42,548 eidf079-gpu1.vms.os.eidf.epcc.ed.ac.uk TelemetryMonitor[3699201:Thread-1] INFO Modified file: /home/eidf079/eidf079/mweissen-ai4nz/windrl/Wind-RL/launch_dummy_run/.smartsim/telemetry/manifest.json
2024-06-11 12:31:42,551 eidf079-gpu1.vms.os.eidf.epcc.ed.ac.uk TelemetryMonitor[3760619:Thread-1] INFO Opened file: /home/eidf079/eidf079/mweissen-ai4nz/windrl/Wind-RL/launch_dummy_run/.smartsim/telemetry/manifest.json
2024-06-11 12:31:42,551 eidf079-gpu1.vms.os.eidf.epcc.ed.ac.uk TelemetryMonitor[3701953:Thread-1] INFO Opened file: /home/eidf079/eidf079/mweissen-ai4nz/windrl/Wind-RL/launch_dummy_run/.smartsim/telemetry/manifest.json
2024-06-11 12:31:42,551 eidf079-gpu1.vms.os.eidf.epcc.ed.ac.uk TelemetryMonitor[3760619:Thread-1] INFO Modified file: /home/eidf079/eidf079/mweissen-ai4nz/windrl/Wind-RL/launch_dummy_run/.smartsim/telemetry/manifest.json
2024-06-11 12:31:42,552 eidf079-gpu1.vms.os.eidf.epcc.ed.ac.uk TelemetryMonitor[3701953:Thread-1] INFO Modified file: /home/eidf079/eidf079/mweissen-ai4nz/windrl/Wind-RL/launch_dummy_run/.smartsim/telemetry/manifest.json
2024-06-11 12:31:42,552 eidf079-gpu1.vms.os.eidf.epcc.ed.ac.uk TelemetryMonitor[3701521:Thread-1] INFO Opened file: /home/eidf079/eidf079/mweissen-ai4nz/windrl/Wind-RL/launch_dummy_run/.smartsim/telemetry/manifest.json
2024-06-11 12:31:42,552 eidf079-gpu1.vms.os.eidf.epcc.ed.ac.uk TelemetryMonitor[3701521:Thread-1] INFO Modified file: /home/eidf079/eidf079/mweissen-ai4nz/windrl/Wind-RL/launch_dummy_run/.smartsim/telemetry/manifest.json
2024-06-11 12:31:42,553 eidf079-gpu1.vms.os.eidf.epcc.ed.ac.uk TelemetryMonitor[3701069:Thread-1] INFO Opened file: /home/eidf079/eidf079/mweissen-ai4nz/windrl/Wind-RL/launch_dummy_run/.smartsim/telemetry/manifest.json
2024-06-11 12:31:42,553 eidf079-gpu1.vms.os.eidf.epcc.ed.ac.uk TelemetryMonitor[3700390:Thread-1] INFO Opened file: /home/eidf079/eidf079/mweissen-ai4nz/windrl/Wind-RL/launch_dummy_run/.smartsim/telemetry/manifest.json
2024-06-11 12:31:42,553 eidf079-gpu1.vms.os.eidf.epcc.ed.ac.uk TelemetryMonitor[3701069:Thread-1] INFO Modified file: /home/eidf079/eidf079/mweissen-ai4nz/windrl/Wind-RL/launch_dummy_run/.smartsim/telemetry/manifest.json
2024-06-11 12:31:42,553 eidf079-gpu1.vms.os.eidf.epcc.ed.ac.uk TelemetryMonitor[3700390:Thread-1] INFO Modified file: /home/eidf079/eidf079/mweissen-ai4nz/windrl/Wind-RL/launch_dummy_run/.smartsim/telemetry/manifest.json
2024-06-11 12:31:42,560 eidf079-gpu1.vms.os.eidf.epcc.ed.ac.uk TelemetryMonitor[3699201:Thread-1] INFO Closed file: /home/eidf079/eidf079/mweissen-ai4nz/windrl/Wind-RL/launch_dummy_run/.smartsim/telemetry/manifest.json
2024-06-11 12:31:42,560 eidf079-gpu1.vms.os.eidf.epcc.ed.ac.uk TelemetryMonitor[3699201:Thread-1] INFO Modified directory: /home/eidf079/eidf079/mweissen-ai4nz/windrl/Wind-RL/launch_dummy_run/.smartsim/telemetry
2024-06-11 12:31:42,560 eidf079-gpu1.vms.os.eidf.epcc.ed.ac.uk TelemetryMonitor[3699201:Thread-1] INFO Opened file: /home/eidf079/eidf079/mweissen-ai4nz/windrl/Wind-RL/launch_dummy_run/.smartsim/telemetry/manifest.json
2024-06-11 12:31:42,561 eidf079-gpu1.vms.os.eidf.epcc.ed.ac.uk TelemetryMonitor[3699201:Thread-1] INFO Opened file: /home/eidf079/eidf079/mweissen-ai4nz/windrl/Wind-RL/launch_dummy_run/.smartsim/telemetry/manifest.json
2024-06-11 12:31:42,562 eidf079-gpu1.vms.os.eidf.epcc.ed.ac.uk TelemetryMonitor[3699201:Thread-1] INFO Opened file: /home/eidf079/eidf079/mweissen-ai4nz/windrl/Wind-RL/launch_dummy_run/.smartsim/telemetry/manifest.json
2024-06-11 12:31:42,563 eidf079-gpu1.vms.os.eidf.epcc.ed.ac.uk TelemetryMonitor[3699201:Thread-1] INFO Opened file: /home/eidf079/eidf079/mweissen-ai4nz/windrl/Wind-RL/launch_dummy_run/.smartsim/telemetry/manifest.json
2024-06-11 12:31:42,563 eidf079-gpu1.vms.os.eidf.epcc.ed.ac.uk TelemetryMonitor[3760619:Thread-1] INFO Closed file: /home/eidf079/eidf079/mweissen-ai4nz/windrl/Wind-RL/launch_dummy_run/.smartsim/telemetry/manifest.json
2024-06-11 12:31:42,563 eidf079-gpu1.vms.os.eidf.epcc.ed.ac.uk TelemetryMonitor[3760619:Thread-1] INFO Modified directory: /home/eidf079/eidf079/mweissen-ai4nz/windrl/Wind-RL/launch_dummy_run/.smartsim/telemetry
2024-06-11 12:31:42,563 eidf079-gpu1.vms.os.eidf.epcc.ed.ac.uk TelemetryMonitor[3701953:Thread-1] INFO Closed file: /home/eidf079/eidf079/mweissen-ai4nz/windrl/Wind-RL/launch_dummy_run/.smartsim/telemetry/manifest.json
2024-06-11 12:31:42,563 eidf079-gpu1.vms.os.eidf.epcc.ed.ac.uk TelemetryMonitor[3760619:Thread-1] INFO Opened file: /home/eidf079/eidf079/mweissen-ai4nz/windrl/Wind-RL/launch_dummy_run/.smartsim/telemetry/manifest.json
2024-06-11 12:31:42,564 eidf079-gpu1.vms.os.eidf.epcc.ed.ac.uk TelemetryMonitor[3699201:Thread-1] INFO Opened file: /home/eidf079/eidf079/mweissen-ai4nz/windrl/Wind-RL/launch_dummy_run/.smartsim/telemetry/manifest.json
2024-06-11 12:31:42,564 eidf079-gpu1.vms.os.eidf.epcc.ed.ac.uk TelemetryMonitor[3701953:Thread-1] INFO Modified directory: /home/eidf079/eidf079/mweissen-ai4nz/windrl/Wind-RL/launch_dummy_run/.smartsim/telemetry
2024-06-11 12:31:42,564 eidf079-gpu1.vms.os.eidf.epcc.ed.ac.uk TelemetryMonitor[3701953:Thread-1] INFO Opened file: /home/eidf079/eidf079/mweissen-ai4nz/windrl/Wind-RL/launch_dummy_run/.smartsim/telemetry/manifest.json
2024-06-11 12:31:42,564 eidf079-gpu1.vms.os.eidf.epcc.ed.ac.uk TelemetryMonitor[3760619:Thread-1] INFO Opened file: /home/eidf079/eidf079/mweissen-ai4nz/windrl/Wind-RL/launch_dummy_run/.smartsim/telemetry/manifest.json
2024-06-11 12:31:42,564 eidf079-gpu1.vms.os.eidf.epcc.ed.ac.uk TelemetryMonitor[3699201:Thread-1] INFO Opened file: /home/eidf079/eidf079/mweissen-ai4nz/windrl/Wind-RL/launch_dummy_run/.smartsim/telemetry/manifest.json
2024-06-11 12:31:42,564 eidf079-gpu1.vms.os.eidf.epcc.ed.ac.uk TelemetryMonitor[3701953:Thread-1] INFO Opened file: /home/eidf079/eidf079/mweissen-ai4nz/windrl/Wind-RL/launch_dummy_run/.smartsim/telemetry/manifest.json
2024-06-11 12:31:42,565 eidf079-gpu1.vms.os.eidf.epcc.ed.ac.uk TelemetryMonitor[3701521:Thread-1] INFO Closed file: /home/eidf079/eidf079/mweissen-ai4nz/windrl/Wind-RL/launch_dummy_run/.smartsim/telemetry/manifest.json
2024-06-11 12:31:42,565 eidf079-gpu1.vms.os.eidf.epcc.ed.ac.uk TelemetryMonitor[3699201:Thread-1] INFO Opened file: /home/eidf079/eidf079/mweissen-ai4nz/windrl/Wind-RL/launch_dummy_run/.smartsim/telemetry/manifest.json
2024-06-11 12:31:42,565 eidf079-gpu1.vms.os.eidf.epcc.ed.ac.uk TelemetryMonitor[3701521:Thread-1] INFO Modified directory: /home/eidf079/eidf079/mweissen-ai4nz/windrl/Wind-RL/launch_dummy_run/.smartsim/telemetry
2024-06-11 12:31:42,565 eidf079-gpu1.vms.os.eidf.epcc.ed.ac.uk TelemetryMonitor[3701953:Thread-1] INFO Opened file: /home/eidf079/eidf079/mweissen-ai4nz/windrl/Wind-RL/launch_dummy_run/.smartsim/telemetry/manifest.json
2024-06-11 12:31:42,565 eidf079-gpu1.vms.os.eidf.epcc.ed.ac.uk TelemetryMonitor[3760619:Thread-1] INFO Opened file: /home/eidf079/eidf079/mweissen-ai4nz/windrl/Wind-RL/launch_dummy_run/.smartsim/telemetry/manifest.json
2024-06-11 12:31:42,565 eidf079-gpu1.vms.os.eidf.epcc.ed.ac.uk TelemetryMonitor[3701521:Thread-1] INFO Opened file: /home/eidf079/eidf079/mweissen-ai4nz/windrl/Wind-RL/launch_dummy_run/.smartsim/telemetry/manifest.json
2024-06-11 12:31:42,566 eidf079-gpu1.vms.os.eidf.epcc.ed.ac.uk TelemetryMonitor[3701521:Thread-1] INFO Opened file: /home/eidf079/eidf079/mweissen-ai4nz/windrl/Wind-RL/launch_dummy_run/.smartsim/telemetry/manifest.json
2024-06-11 12:31:42,566 eidf079-gpu1.vms.os.eidf.epcc.ed.ac.uk TelemetryMonitor[3701069:Thread-1] INFO Closed file: /home/eidf079/eidf079/mweissen-ai4nz/windrl/Wind-RL/launch_dummy_run/.smartsim/telemetry/manifest.json
2024-06-11 12:31:42,566 eidf079-gpu1.vms.os.eidf.epcc.ed.ac.uk TelemetryMonitor[3700390:Thread-1] INFO Closed file: /home/eidf079/eidf079/mweissen-ai4nz/windrl/Wind-RL/launch_dummy_run/.smartsim/telemetry/manifest.json
2024-06-11 12:31:42,566 eidf079-gpu1.vms.os.eidf.epcc.ed.ac.uk TelemetryMonitor[3701069:Thread-1] INFO Modified directory: /home/eidf079/eidf079/mweissen-ai4nz/windrl/Wind-RL/launch_dummy_run/.smartsim/telemetry
2024-06-11 12:31:42,566 eidf079-gpu1.vms.os.eidf.epcc.ed.ac.uk TelemetryMonitor[3701069:Thread-1] INFO Opened file: /home/eidf079/eidf079/mweissen-ai4nz/windrl/Wind-RL/launch_dummy_run/.smartsim/telemetry/manifest.json
2024-06-11 12:31:42,567 eidf079-gpu1.vms.os.eidf.epcc.ed.ac.uk TelemetryMonitor[3700390:Thread-1] INFO Modified directory: /home/eidf079/eidf079/mweissen-ai4nz/windrl/Wind-RL/launch_dummy_run/.smartsim/telemetry
2024-06-11 12:31:42,567 eidf079-gpu1.vms.os.eidf.epcc.ed.ac.uk TelemetryMonitor[3700390:Thread-1] INFO Opened file: /home/eidf079/eidf079/mweissen-ai4nz/windrl/Wind-RL/launch_dummy_run/.smartsim/telemetry/manifest.json
2024-06-11 12:31:42,567 eidf079-gpu1.vms.os.eidf.epcc.ed.ac.uk TelemetryMonitor[3701069:Thread-1] INFO Opened file: /home/eidf079/eidf079/mweissen-ai4nz/windrl/Wind-RL/launch_dummy_run/.smartsim/telemetry/manifest.json
2024-06-11 12:31:42,743 eidf079-gpu1.vms.os.eidf.epcc.ed.ac.uk TelemetryMonitor[3701953:Thread-1] INFO Opened file: /home/eidf079/eidf079/mweissen-ai4nz/windrl/Wind-RL/launch_dummy_run/.smartsim/telemetry/manifest.json
2024-06-11 12:31:42,743 eidf079-gpu1.vms.os.eidf.epcc.ed.ac.uk TelemetryMonitor[3699201:Thread-1] INFO Opened file: /home/eidf079/eidf079/mweissen-ai4nz/windrl/Wind-RL/launch_dummy_run/.smartsim/telemetry/manifest.json
2024-06-11 12:31:42,743 eidf079-gpu1.vms.os.eidf.epcc.ed.ac.uk TelemetryMonitor[3701521:Thread-1] INFO Opened file: /home/eidf079/eidf079/mweissen-ai4nz/windrl/Wind-RL/launch_dummy_run/.smartsim/telemetry/manifest.json
2024-06-11 12:31:42,743 eidf079-gpu1.vms.os.eidf.epcc.ed.ac.uk TelemetryMonitor[3701069:Thread-1] INFO Opened file: /home/eidf079/eidf079/mweissen-ai4nz/windrl/Wind-RL/launch_dummy_run/.smartsim/telemetry/manifest.json
2024-06-11 12:31:42,743 eidf079-gpu1.vms.os.eidf.epcc.ed.ac.uk TelemetryMonitor[3699201:Thread-1] INFO Modified file: /home/eidf079/eidf079/mweissen-ai4nz/windrl/Wind-RL/launch_dummy_run/.smartsim/telemetry/manifest.json
2024-06-11 12:31:42,743 eidf079-gpu1.vms.os.eidf.epcc.ed.ac.uk TelemetryMonitor[3701953:Thread-1] INFO Modified file: /home/eidf079/eidf079/mweissen-ai4nz/windrl/Wind-RL/launch_dummy_run/.smartsim/telemetry/manifest.json
2024-06-11 12:31:42,743 eidf079-gpu1.vms.os.eidf.epcc.ed.ac.uk TelemetryMonitor[3760619:Thread-1] INFO Opened file: /home/eidf079/eidf079/mweissen-ai4nz/windrl/Wind-RL/launch_dummy_run/.smartsim/telemetry/manifest.json
2024-06-11 12:31:42,743 eidf079-gpu1.vms.os.eidf.epcc.ed.ac.uk TelemetryMonitor[3700390:Thread-1] INFO Opened file: /home/eidf079/eidf079/mweissen-ai4nz/windrl/Wind-RL/launch_dummy_run/.smartsim/telemetry/manifest.json
2024-06-11 12:31:42,743 eidf079-gpu1.vms.os.eidf.epcc.ed.ac.uk TelemetryMonitor[3701521:Thread-1] INFO Modified file: /home/eidf079/eidf079/mweissen-ai4nz/windrl/Wind-RL/launch_dummy_run/.smartsim/telemetry/manifest.json
2024-06-11 12:31:42,744 eidf079-gpu1.vms.os.eidf.epcc.ed.ac.uk TelemetryMonitor[3701069:Thread-1] INFO Modified file: /home/eidf079/eidf079/mweissen-ai4nz/windrl/Wind-RL/launch_dummy_run/.smartsim/telemetry/manifest.json
2024-06-11 12:31:42,744 eidf079-gpu1.vms.os.eidf.epcc.ed.ac.uk TelemetryMonitor[3700390:Thread-1] INFO Modified file: /home/eidf079/eidf079/mweissen-ai4nz/windrl/Wind-RL/launch_dummy_run/.smartsim/telemetry/manifest.json
2024-06-11 12:31:42,744 eidf079-gpu1.vms.os.eidf.epcc.ed.ac.uk TelemetryMonitor[3760619:Thread-1] INFO Modified file: /home/eidf079/eidf079/mweissen-ai4nz/windrl/Wind-RL/launch_dummy_run/.smartsim/telemetry/manifest.json
2024-06-11 12:31:42,784 eidf079-gpu1.vms.os.eidf.epcc.ed.ac.uk TelemetryMonitor[3701953:Thread-1] INFO Opened file: /home/eidf079/eidf079/mweissen-ai4nz/windrl/Wind-RL/launch_dummy_run/.smartsim/telemetry/manifest.json
2024-06-11 12:31:42,784 eidf079-gpu1.vms.os.eidf.epcc.ed.ac.uk TelemetryMonitor[3700390:Thread-1] INFO Opened file: /home/eidf079/eidf079/mweissen-ai4nz/windrl/Wind-RL/launch_dummy_run/.smartsim/telemetry/manifest.json
2024-06-11 12:31:42,784 eidf079-gpu1.vms.os.eidf.epcc.ed.ac.uk TelemetryMonitor[3701953:Thread-1] INFO Modified file: /home/eidf079/eidf079/mweissen-ai4nz/windrl/Wind-RL/launch_dummy_run/.smartsim/telemetry/manifest.json
2024-06-11 12:31:42,784 eidf079-gpu1.vms.os.eidf.epcc.ed.ac.uk TelemetryMonitor[3700390:Thread-1] INFO Modified file: /home/eidf079/eidf079/mweissen-ai4nz/windrl/Wind-RL/launch_dummy_run/.smartsim/telemetry/manifest.json
2024-06-11 12:31:42,788 eidf079-gpu1.vms.os.eidf.epcc.ed.ac.uk TelemetryMonitor[3760619:Thread-1] INFO Opened file: /home/eidf079/eidf079/mweissen-ai4nz/windrl/Wind-RL/launch_dummy_run/.smartsim/telemetry/manifest.json
2024-06-11 12:31:42,788 eidf079-gpu1.vms.os.eidf.epcc.ed.ac.uk TelemetryMonitor[3699201:Thread-1] INFO Opened file: /home/eidf079/eidf079/mweissen-ai4nz/windrl/Wind-RL/launch_dummy_run/.smartsim/telemetry/manifest.json
2024-06-11 12:31:42,788 eidf079-gpu1.vms.os.eidf.epcc.ed.ac.uk TelemetryMonitor[3701069:Thread-1] INFO Opened file: /home/eidf079/eidf079/mweissen-ai4nz/windrl/Wind-RL/launch_dummy_run/.smartsim/telemetry/manifest.json
2024-06-11 12:31:42,788 eidf079-gpu1.vms.os.eidf.epcc.ed.ac.uk TelemetryMonitor[3701521:Thread-1] INFO Opened file: /home/eidf079/eidf079/mweissen-ai4nz/windrl/Wind-RL/launch_dummy_run/.smartsim/telemetry/manifest.json
2024-06-11 12:31:42,788 eidf079-gpu1.vms.os.eidf.epcc.ed.ac.uk TelemetryMonitor[3699201:Thread-1] INFO Modified file: /home/eidf079/eidf079/mweissen-ai4nz/windrl/Wind-RL/launch_dummy_run/.smartsim/telemetry/manifest.json
2024-06-11 12:31:42,789 eidf079-gpu1.vms.os.eidf.epcc.ed.ac.uk TelemetryMonitor[3701521:Thread-1] INFO Modified file: /home/eidf079/eidf079/mweissen-ai4nz/windrl/Wind-RL/launch_dummy_run/.smartsim/telemetry/manifest.json
2024-06-11 12:31:42,789 eidf079-gpu1.vms.os.eidf.epcc.ed.ac.uk TelemetryMonitor[3760619:Thread-1] INFO Modified file: /home/eidf079/eidf079/mweissen-ai4nz/windrl/Wind-RL/launch_dummy_run/.smartsim/telemetry/manifest.json
2024-06-11 12:31:42,789 eidf079-gpu1.vms.os.eidf.epcc.ed.ac.uk TelemetryMonitor[3701069:Thread-1] INFO Modified file: /home/eidf079/eidf079/mweissen-ai4nz/windrl/Wind-RL/launch_dummy_run/.smartsim/telemetry/manifest.json
2024-06-11 12:31:42,795 eidf079-gpu1.vms.os.eidf.epcc.ed.ac.uk TelemetryMonitor[3701953:Thread-1] INFO Closed file: /home/eidf079/eidf079/mweissen-ai4nz/windrl/Wind-RL/launch_dummy_run/.smartsim/telemetry/manifest.json
2024-06-11 12:31:42,796 eidf079-gpu1.vms.os.eidf.epcc.ed.ac.uk TelemetryMonitor[3701953:Thread-1] INFO Modified directory: /home/eidf079/eidf079/mweissen-ai4nz/windrl/Wind-RL/launch_dummy_run/.smartsim/telemetry
2024-06-11 12:31:42,796 eidf079-gpu1.vms.os.eidf.epcc.ed.ac.uk TelemetryMonitor[3701953:Thread-1] INFO Opened file: /home/eidf079/eidf079/mweissen-ai4nz/windrl/Wind-RL/launch_dummy_run/.smartsim/telemetry/manifest.json
2024-06-11 12:31:42,796 eidf079-gpu1.vms.os.eidf.epcc.ed.ac.uk TelemetryMonitor[3701953:Thread-1] INFO Opened file: /home/eidf079/eidf079/mweissen-ai4nz/windrl/Wind-RL/launch_dummy_run/.smartsim/telemetry/manifest.json
2024-06-11 12:31:42,797 eidf079-gpu1.vms.os.eidf.epcc.ed.ac.uk TelemetryMonitor[3700390:Thread-1] INFO Closed file: /home/eidf079/eidf079/mweissen-ai4nz/windrl/Wind-RL/launch_dummy_run/.smartsim/telemetry/manifest.json
2024-06-11 12:31:42,797 eidf079-gpu1.vms.os.eidf.epcc.ed.ac.uk TelemetryMonitor[3700390:Thread-1] INFO Modified directory: /home/eidf079/eidf079/mweissen-ai4nz/windrl/Wind-RL/launch_dummy_run/.smartsim/telemetry
2024-06-11 12:31:42,798 eidf079-gpu1.vms.os.eidf.epcc.ed.ac.uk TelemetryMonitor[3700390:Thread-1] INFO Opened file: /home/eidf079/eidf079/mweissen-ai4nz/windrl/Wind-RL/launch_dummy_run/.smartsim/telemetry/manifest.json
2024-06-11 12:31:42,799 eidf079-gpu1.vms.os.eidf.epcc.ed.ac.uk TelemetryMonitor[3701953:Thread-1] INFO Opened file: /home/eidf079/eidf079/mweissen-ai4nz/windrl/Wind-RL/launch_dummy_run/.smartsim/telemetry/manifest.json
2024-06-11 12:31:42,800 eidf079-gpu1.vms.os.eidf.epcc.ed.ac.uk TelemetryMonitor[3700390:Thread-1] INFO Opened file: /home/eidf079/eidf079/mweissen-ai4nz/windrl/Wind-RL/launch_dummy_run/.smartsim/telemetry/manifest.json
2024-06-11 12:31:42,800 eidf079-gpu1.vms.os.eidf.epcc.ed.ac.uk TelemetryMonitor[3701953:Thread-1] INFO Opened file: /home/eidf079/eidf079/mweissen-ai4nz/windrl/Wind-RL/launch_dummy_run/.smartsim/telemetry/manifest.json
2024-06-11 12:31:42,800 eidf079-gpu1.vms.os.eidf.epcc.ed.ac.uk TelemetryMonitor[3700390:Thread-1] INFO Opened file: /home/eidf079/eidf079/mweissen-ai4nz/windrl/Wind-RL/launch_dummy_run/.smartsim/telemetry/manifest.json
2024-06-11 12:31:42,800 eidf079-gpu1.vms.os.eidf.epcc.ed.ac.uk TelemetryMonitor[3701953:Thread-1] INFO Opened file: /home/eidf079/eidf079/mweissen-ai4nz/windrl/Wind-RL/launch_dummy_run/.smartsim/telemetry/manifest.json
2024-06-11 12:31:42,801 eidf079-gpu1.vms.os.eidf.epcc.ed.ac.uk TelemetryMonitor[3699201:Thread-1] INFO Closed file: /home/eidf079/eidf079/mweissen-ai4nz/windrl/Wind-RL/launch_dummy_run/.smartsim/telemetry/manifest.json
2024-06-11 12:31:42,801 eidf079-gpu1.vms.os.eidf.epcc.ed.ac.uk TelemetryMonitor[3700390:Thread-1] INFO Opened file: /home/eidf079/eidf079/mweissen-ai4nz/windrl/Wind-RL/launch_dummy_run/.smartsim/telemetry/manifest.json
2024-06-11 12:31:42,801 eidf079-gpu1.vms.os.eidf.epcc.ed.ac.uk TelemetryMonitor[3701521:Thread-1] INFO Closed file: /home/eidf079/eidf079/mweissen-ai4nz/windrl/Wind-RL/launch_dummy_run/.smartsim/telemetry/manifest.json
2024-06-11 12:31:42,802 eidf079-gpu1.vms.os.eidf.epcc.ed.ac.uk TelemetryMonitor[3699201:Thread-1] INFO Modified directory: /home/eidf079/eidf079/mweissen-ai4nz/windrl/Wind-RL/launch_dummy_run/.smartsim/telemetry
2024-06-11 12:31:42,802 eidf079-gpu1.vms.os.eidf.epcc.ed.ac.uk TelemetryMonitor[3699201:Thread-1] INFO Opened file: /home/eidf079/eidf079/mweissen-ai4nz/windrl/Wind-RL/launch_dummy_run/.smartsim/telemetry/manifest.json
2024-06-11 12:31:42,802 eidf079-gpu1.vms.os.eidf.epcc.ed.ac.uk TelemetryMonitor[3701069:Thread-1] INFO Closed file: /home/eidf079/eidf079/mweissen-ai4nz/windrl/Wind-RL/launch_dummy_run/.smartsim/telemetry/manifest.json
2024-06-11 12:31:42,802 eidf079-gpu1.vms.os.eidf.epcc.ed.ac.uk TelemetryMonitor[3701521:Thread-1] INFO Modified directory: /home/eidf079/eidf079/mweissen-ai4nz/windrl/Wind-RL/launch_dummy_run/.smartsim/telemetry
2024-06-11 12:31:42,802 eidf079-gpu1.vms.os.eidf.epcc.ed.ac.uk TelemetryMonitor[3760619:Thread-1] INFO Closed file: /home/eidf079/eidf079/mweissen-ai4nz/windrl/Wind-RL/launch_dummy_run/.smartsim/telemetry/manifest.json
2024-06-11 12:31:42,802 eidf079-gpu1.vms.os.eidf.epcc.ed.ac.uk TelemetryMonitor[3701521:Thread-1] INFO Opened file: /home/eidf079/eidf079/mweissen-ai4nz/windrl/Wind-RL/launch_dummy_run/.smartsim/telemetry/manifest.json
2024-06-11 12:31:42,802 eidf079-gpu1.vms.os.eidf.epcc.ed.ac.uk TelemetryMonitor[3701069:Thread-1] INFO Modified directory: /home/eidf079/eidf079/mweissen-ai4nz/windrl/Wind-RL/launch_dummy_run/.smartsim/telemetry
2024-06-11 12:31:42,802 eidf079-gpu1.vms.os.eidf.epcc.ed.ac.uk TelemetryMonitor[3760619:Thread-1] INFO Modified directory: /home/eidf079/eidf079/mweissen-ai4nz/windrl/Wind-RL/launch_dummy_run/.smartsim/telemetry
2024-06-11 12:31:42,802 eidf079-gpu1.vms.os.eidf.epcc.ed.ac.uk TelemetryMonitor[3701069:Thread-1] INFO Opened file: /home/eidf079/eidf079/mweissen-ai4nz/windrl/Wind-RL/launch_dummy_run/.smartsim/telemetry/manifest.json
2024-06-11 12:31:42,802 eidf079-gpu1.vms.os.eidf.epcc.ed.ac.uk TelemetryMonitor[3760619:Thread-1] INFO Opened file: /home/eidf079/eidf079/mweissen-ai4nz/windrl/Wind-RL/launch_dummy_run/.smartsim/telemetry/manifest.json
2024-06-11 12:31:42,803 eidf079-gpu1.vms.os.eidf.epcc.ed.ac.uk TelemetryMonitor[3701521:Thread-1] INFO Opened file: /home/eidf079/eidf079/mweissen-ai4nz/windrl/Wind-RL/launch_dummy_run/.smartsim/telemetry/manifest.json
2024-06-11 12:31:42,948 eidf079-gpu1.vms.os.eidf.epcc.ed.ac.uk TelemetryMonitor[3760619:Thread-1] INFO Opened file: /home/eidf079/eidf079/mweissen-ai4nz/windrl/Wind-RL/launch_dummy_run/.smartsim/telemetry/manifest.json
2024-06-11 12:31:42,948 eidf079-gpu1.vms.os.eidf.epcc.ed.ac.uk TelemetryMonitor[3701069:Thread-1] INFO Opened file: /home/eidf079/eidf079/mweissen-ai4nz/windrl/Wind-RL/launch_dummy_run/.smartsim/telemetry/manifest.json
2024-06-11 12:31:42,948 eidf079-gpu1.vms.os.eidf.epcc.ed.ac.uk TelemetryMonitor[3701953:Thread-1] INFO Opened file: /home/eidf079/eidf079/mweissen-ai4nz/windrl/Wind-RL/launch_dummy_run/.smartsim/telemetry/manifest.json
2024-06-11 12:31:42,948 eidf079-gpu1.vms.os.eidf.epcc.ed.ac.uk TelemetryMonitor[3701521:Thread-1] INFO Opened file: /home/eidf079/eidf079/mweissen-ai4nz/windrl/Wind-RL/launch_dummy_run/.smartsim/telemetry/manifest.json
2024-06-11 12:31:42,948 eidf079-gpu1.vms.os.eidf.epcc.ed.ac.uk TelemetryMonitor[3699201:Thread-1] INFO Opened file: /home/eidf079/eidf079/mweissen-ai4nz/windrl/Wind-RL/launch_dummy_run/.smartsim/telemetry/manifest.json
2024-06-11 12:31:42,948 eidf079-gpu1.vms.os.eidf.epcc.ed.ac.uk TelemetryMonitor[3760619:Thread-1] INFO Modified file: /home/eidf079/eidf079/mweissen-ai4nz/windrl/Wind-RL/launch_dummy_run/.smartsim/telemetry/manifest.json
2024-06-11 12:31:42,948 eidf079-gpu1.vms.os.eidf.epcc.ed.ac.uk TelemetryMonitor[3701069:Thread-1] INFO Modified file: /home/eidf079/eidf079/mweissen-ai4nz/windrl/Wind-RL/launch_dummy_run/.smartsim/telemetry/manifest.json
2024-06-11 12:31:42,948 eidf079-gpu1.vms.os.eidf.epcc.ed.ac.uk TelemetryMonitor[3700390:Thread-1] INFO Opened file: /home/eidf079/eidf079/mweissen-ai4nz/windrl/Wind-RL/launch_dummy_run/.smartsim/telemetry/manifest.json
2024-06-11 12:31:42,948 eidf079-gpu1.vms.os.eidf.epcc.ed.ac.uk TelemetryMonitor[3701521:Thread-1] INFO Modified file: /home/eidf079/eidf079/mweissen-ai4nz/windrl/Wind-RL/launch_dummy_run/.smartsim/telemetry/manifest.json
2024-06-11 12:31:42,948 eidf079-gpu1.vms.os.eidf.epcc.ed.ac.uk TelemetryMonitor[3701953:Thread-1] INFO Modified file: /home/eidf079/eidf079/mweissen-ai4nz/windrl/Wind-RL/launch_dummy_run/.smartsim/telemetry/manifest.json
2024-06-11 12:31:42,949 eidf079-gpu1.vms.os.eidf.epcc.ed.ac.uk TelemetryMonitor[3699201:Thread-1] INFO Modified file: /home/eidf079/eidf079/mweissen-ai4nz/windrl/Wind-RL/launch_dummy_run/.smartsim/telemetry/manifest.json
2024-06-11 12:31:42,949 eidf079-gpu1.vms.os.eidf.epcc.ed.ac.uk TelemetryMonitor[3700390:Thread-1] INFO Modified file: /home/eidf079/eidf079/mweissen-ai4nz/windrl/Wind-RL/launch_dummy_run/.smartsim/telemetry/manifest.json
2024-06-11 12:31:42,960 eidf079-gpu1.vms.os.eidf.epcc.ed.ac.uk TelemetryMonitor[3760619:Thread-1] INFO Opened file: /home/eidf079/eidf079/mweissen-ai4nz/windrl/Wind-RL/launch_dummy_run/.smartsim/telemetry/manifest.json
2024-06-11 12:31:42,960 eidf079-gpu1.vms.os.eidf.epcc.ed.ac.uk TelemetryMonitor[3760619:Thread-1] INFO Modified file: /home/eidf079/eidf079/mweissen-ai4nz/windrl/Wind-RL/launch_dummy_run/.smartsim/telemetry/manifest.json
2024-06-11 12:31:42,961 eidf079-gpu1.vms.os.eidf.epcc.ed.ac.uk TelemetryMonitor[3701521:Thread-1] INFO Opened file: /home/eidf079/eidf079/mweissen-ai4nz/windrl/Wind-RL/launch_dummy_run/.smartsim/telemetry/manifest.json
2024-06-11 12:31:42,961 eidf079-gpu1.vms.os.eidf.epcc.ed.ac.uk TelemetryMonitor[3701953:Thread-1] INFO Opened file: /home/eidf079/eidf079/mweissen-ai4nz/windrl/Wind-RL/launch_dummy_run/.smartsim/telemetry/manifest.json
2024-06-11 12:31:42,961 eidf079-gpu1.vms.os.eidf.epcc.ed.ac.uk TelemetryMonitor[3701069:Thread-1] INFO Opened file: /home/eidf079/eidf079/mweissen-ai4nz/windrl/Wind-RL/launch_dummy_run/.smartsim/telemetry/manifest.json
2024-06-11 12:31:42,961 eidf079-gpu1.vms.os.eidf.epcc.ed.ac.uk TelemetryMonitor[3701953:Thread-1] INFO Modified file: /home/eidf079/eidf079/mweissen-ai4nz/windrl/Wind-RL/launch_dummy_run/.smartsim/telemetry/manifest.json
2024-06-11 12:31:42,961 eidf079-gpu1.vms.os.eidf.epcc.ed.ac.uk TelemetryMonitor[3701521:Thread-1] INFO Modified file: /home/eidf079/eidf079/mweissen-ai4nz/windrl/Wind-RL/launch_dummy_run/.smartsim/telemetry/manifest.json
2024-06-11 12:31:42,961 eidf079-gpu1.vms.os.eidf.epcc.ed.ac.uk TelemetryMonitor[3701069:Thread-1] INFO Modified file: /home/eidf079/eidf079/mweissen-ai4nz/windrl/Wind-RL/launch_dummy_run/.smartsim/telemetry/manifest.json
2024-06-11 12:31:42,961 eidf079-gpu1.vms.os.eidf.epcc.ed.ac.uk TelemetryMonitor[3700390:Thread-1] INFO Opened file: /home/eidf079/eidf079/mweissen-ai4nz/windrl/Wind-RL/launch_dummy_run/.smartsim/telemetry/manifest.json
2024-06-11 12:31:42,961 eidf079-gpu1.vms.os.eidf.epcc.ed.ac.uk TelemetryMonitor[3700390:Thread-1] INFO Modified file: /home/eidf079/eidf079/mweissen-ai4nz/windrl/Wind-RL/launch_dummy_run/.smartsim/telemetry/manifest.json
2024-06-11 12:31:42,961 eidf079-gpu1.vms.os.eidf.epcc.ed.ac.uk TelemetryMonitor[3699201:Thread-1] INFO Opened file: /home/eidf079/eidf079/mweissen-ai4nz/windrl/Wind-RL/launch_dummy_run/.smartsim/telemetry/manifest.json
2024-06-11 12:31:42,962 eidf079-gpu1.vms.os.eidf.epcc.ed.ac.uk TelemetryMonitor[3699201:Thread-1] INFO Modified file: /home/eidf079/eidf079/mweissen-ai4nz/windrl/Wind-RL/launch_dummy_run/.smartsim/telemetry/manifest.json
2024-06-11 12:31:42,972 eidf079-gpu1.vms.os.eidf.epcc.ed.ac.uk TelemetryMonitor[3760619:Thread-1] INFO Closed file: /home/eidf079/eidf079/mweissen-ai4nz/windrl/Wind-RL/launch_dummy_run/.smartsim/telemetry/manifest.json
2024-06-11 12:31:42,972 eidf079-gpu1.vms.os.eidf.epcc.ed.ac.uk TelemetryMonitor[3701953:Thread-1] INFO Closed file: /home/eidf079/eidf079/mweissen-ai4nz/windrl/Wind-RL/launch_dummy_run/.smartsim/telemetry/manifest.json
2024-06-11 12:31:42,972 eidf079-gpu1.vms.os.eidf.epcc.ed.ac.uk TelemetryMonitor[3700390:Thread-1] INFO Closed file: /home/eidf079/eidf079/mweissen-ai4nz/windrl/Wind-RL/launch_dummy_run/.smartsim/telemetry/manifest.json
2024-06-11 12:31:42,973 eidf079-gpu1.vms.os.eidf.epcc.ed.ac.uk TelemetryMonitor[3760619:Thread-1] INFO Modified directory: /home/eidf079/eidf079/mweissen-ai4nz/windrl/Wind-RL/launch_dummy_run/.smartsim/telemetry
2024-06-11 12:31:42,973 eidf079-gpu1.vms.os.eidf.epcc.ed.ac.uk TelemetryMonitor[3700390:Thread-1] INFO Modified directory: /home/eidf079/eidf079/mweissen-ai4nz/windrl/Wind-RL/launch_dummy_run/.smartsim/telemetry
2024-06-11 12:31:42,973 eidf079-gpu1.vms.os.eidf.epcc.ed.ac.uk TelemetryMonitor[3701953:Thread-1] INFO Modified directory: /home/eidf079/eidf079/mweissen-ai4nz/windrl/Wind-RL/launch_dummy_run/.smartsim/telemetry
2024-06-11 12:31:42,973 eidf079-gpu1.vms.os.eidf.epcc.ed.ac.uk TelemetryMonitor[3760619:Thread-1] INFO Opened file: /home/eidf079/eidf079/mweissen-ai4nz/windrl/Wind-RL/launch_dummy_run/.smartsim/telemetry/manifest.json
2024-06-11 12:31:42,973 eidf079-gpu1.vms.os.eidf.epcc.ed.ac.uk TelemetryMonitor[3700390:Thread-1] INFO Opened file: /home/eidf079/eidf079/mweissen-ai4nz/windrl/Wind-RL/launch_dummy_run/.smartsim/telemetry/manifest.json
2024-06-11 12:31:42,973 eidf079-gpu1.vms.os.eidf.epcc.ed.ac.uk TelemetryMonitor[3701069:Thread-1] INFO Closed file: /home/eidf079/eidf079/mweissen-ai4nz/windrl/Wind-RL/launch_dummy_run/.smartsim/telemetry/manifest.json
2024-06-11 12:31:42,973 eidf079-gpu1.vms.os.eidf.epcc.ed.ac.uk TelemetryMonitor[3701953:Thread-1] INFO Opened file: /home/eidf079/eidf079/mweissen-ai4nz/windrl/Wind-RL/launch_dummy_run/.smartsim/telemetry/manifest.json
2024-06-11 12:31:42,973 eidf079-gpu1.vms.os.eidf.epcc.ed.ac.uk TelemetryMonitor[3701521:Thread-1] INFO Closed file: /home/eidf079/eidf079/mweissen-ai4nz/windrl/Wind-RL/launch_dummy_run/.smartsim/telemetry/manifest.json
2024-06-11 12:31:42,973 eidf079-gpu1.vms.os.eidf.epcc.ed.ac.uk TelemetryMonitor[3701069:Thread-1] INFO Modified directory: /home/eidf079/eidf079/mweissen-ai4nz/windrl/Wind-RL/launch_dummy_run/.smartsim/telemetry
2024-06-11 12:31:42,973 eidf079-gpu1.vms.os.eidf.epcc.ed.ac.uk TelemetryMonitor[3699201:Thread-1] INFO Closed file: /home/eidf079/eidf079/mweissen-ai4nz/windrl/Wind-RL/launch_dummy_run/.smartsim/telemetry/manifest.json
2024-06-11 12:31:42,973 eidf079-gpu1.vms.os.eidf.epcc.ed.ac.uk TelemetryMonitor[3701069:Thread-1] INFO Opened file: /home/eidf079/eidf079/mweissen-ai4nz/windrl/Wind-RL/launch_dummy_run/.smartsim/telemetry/manifest.json
2024-06-11 12:31:42,973 eidf079-gpu1.vms.os.eidf.epcc.ed.ac.uk TelemetryMonitor[3699201:Thread-1] INFO Modified directory: /home/eidf079/eidf079/mweissen-ai4nz/windrl/Wind-RL/launch_dummy_run/.smartsim/telemetry
2024-06-11 12:31:42,973 eidf079-gpu1.vms.os.eidf.epcc.ed.ac.uk TelemetryMonitor[3701953:Thread-1] INFO Opened file: /home/eidf079/eidf079/mweissen-ai4nz/windrl/Wind-RL/launch_dummy_run/.smartsim/telemetry/manifest.json
2024-06-11 12:31:42,973 eidf079-gpu1.vms.os.eidf.epcc.ed.ac.uk TelemetryMonitor[3700390:Thread-1] INFO Opened file: /home/eidf079/eidf079/mweissen-ai4nz/windrl/Wind-RL/launch_dummy_run/.smartsim/telemetry/manifest.json
2024-06-11 12:31:42,973 eidf079-gpu1.vms.os.eidf.epcc.ed.ac.uk TelemetryMonitor[3760619:Thread-1] INFO Opened file: /home/eidf079/eidf079/mweissen-ai4nz/windrl/Wind-RL/launch_dummy_run/.smartsim/telemetry/manifest.json
2024-06-11 12:31:42,973 eidf079-gpu1.vms.os.eidf.epcc.ed.ac.uk TelemetryMonitor[3699201:Thread-1] INFO Opened file: /home/eidf079/eidf079/mweissen-ai4nz/windrl/Wind-RL/launch_dummy_run/.smartsim/telemetry/manifest.json
2024-06-11 12:31:42,973 eidf079-gpu1.vms.os.eidf.epcc.ed.ac.uk TelemetryMonitor[3701521:Thread-1] INFO Modified directory: /home/eidf079/eidf079/mweissen-ai4nz/windrl/Wind-RL/launch_dummy_run/.smartsim/telemetry
2024-06-11 12:31:42,974 eidf079-gpu1.vms.os.eidf.epcc.ed.ac.uk TelemetryMonitor[3701521:Thread-1] INFO Opened file: /home/eidf079/eidf079/mweissen-ai4nz/windrl/Wind-RL/launch_dummy_run/.smartsim/telemetry/manifest.json
2024-06-11 12:31:42,974 eidf079-gpu1.vms.os.eidf.epcc.ed.ac.uk TelemetryMonitor[3701069:Thread-1] INFO Opened file: /home/eidf079/eidf079/mweissen-ai4nz/windrl/Wind-RL/launch_dummy_run/.smartsim/telemetry/manifest.json
2024-06-11 12:31:42,974 eidf079-gpu1.vms.os.eidf.epcc.ed.ac.uk TelemetryMonitor[3760619:Thread-1] INFO Opened file: /home/eidf079/eidf079/mweissen-ai4nz/windrl/Wind-RL/launch_dummy_run/.smartsim/telemetry/manifest.json
2024-06-11 12:31:42,974 eidf079-gpu1.vms.os.eidf.epcc.ed.ac.uk TelemetryMonitor[3699201:Thread-1] INFO Opened file: /home/eidf079/eidf079/mweissen-ai4nz/windrl/Wind-RL/launch_dummy_run/.smartsim/telemetry/manifest.json
2024-06-11 12:31:42,975 eidf079-gpu1.vms.os.eidf.epcc.ed.ac.uk TelemetryMonitor[3701521:Thread-1] INFO Opened file: /home/eidf079/eidf079/mweissen-ai4nz/windrl/Wind-RL/launch_dummy_run/.smartsim/telemetry/manifest.json
